Successfully built ad8cf382624ed3e0a321732ae8ac01db8a5b3fc62cd44e42615736b18cd9cdab
Attaching to hub
[36mhub              |[0m [Hub] | 18-03-2021; 00:08:03 | Server has started...
[36mhub              |[0m [Hub] | 18-03-2021; 00:08:03 | Python version : 3.9.2 (default, Feb 19 2021, 17:11:58) 
[36mhub              |[0m [GCC 8.3.0]
[36mhub              |[0m [Hub] | 18-03-2021; 00:08:03 | Server is creating the database...
[36mhub              |[0m [Hub] | 18-03-2021; 00:08:03 | All the processes are started with fork method
[36mhub              |[0m [Hub] | 18-03-2021; 00:08:03 | Deploying Twitter
[36mhub              |[0m [Twitter] | 18-03-2021; 00:08:03 | Twitter setting up
[36mhub              |[0m [Twitter] | 18-03-2021; 00:08:03 | Reading credentials
[36mhub              |[0m [Database] | 18-03-2021; 00:08:03 | collection twitter already exists
[36mhub              |[0m [Database] | 18-03-2021; 00:08:03 | collection youtube already exists
[36mhub              |[0m [Database] | 18-03-2021; 00:08:03 | collection google already exists
[36mhub              |[0m [Database] | 18-03-2021; 00:08:03 | collection reddit already exists
[36mhub              |[0m [Twitter] | 18-03-2021; 00:08:03 | Twitter connection to the database is established
[36mhub              |[0m [Twitter] | 18-03-2021; 00:08:06 | Twitter filters are available
[36mhub              |[0m [Twitter] | 18-03-2021; 00:08:12 | Retrieving the rules
[36mhub              |[0m [Twitter] | 18-03-2021; 00:08:14 | Deleting the previously available rules
[36mhub              |[0m [Twitter] | 18-03-2021; 00:08:16 | Setting the new rules
[36mhub              |[0m [Twitter] | 18-03-2021; 00:08:16 | Receiving the stream 
[36mhub              |[0m [Twitter] | 18-03-2021; 00:08:47 | {'id': '1372339118240272384', 'text': 'https://t.co/k0SF9hprYm : 38afe099-fc76-46bd-ba9c-eb09613206cf'}
[36mhub              |[0m [Twitter] | 18-03-2021; 00:10:01 | {'id': '1372339428753047553', 'text': 'you wear monogrammed animal print tshirts..we are not the same'}
[36mhub              |[0m [Twitter] | 18-03-2021; 00:10:15 | {'id': '1372339489792782336', 'text': "I may have turned into a pumpkin after many weeks of unemployment, but I'm gonna wear green on St. Patrick's Day, I'm not an animal ‚òòÔ∏è https://t.co/VFwmdmBRNd"}
[36mhub              |[0m [Twitter] | 18-03-2021; 00:10:23 | {'id': '1372339523796021251', 'text': 'RT @griffin38187019: https://t.co/R4jyrVQW4X PLEASE SIGN PETITION TO TELL AGRICULTURE MINISTER BRAZIL TO STOP KILLIN G &amp; MUTILATING ANIMALS‚Ä¶'}
[36mhub              |[0m [Twitter] | 18-03-2021; 00:11:12 | {'id': '1372339727139926018', 'text': 'Monarch Specialties Dining Chair - 2Pcs / 33"H / White Leather-Look / Chrome https://t.co/IobQtiVlfk eBay https://t.co/qYYMqFyfl2'}
[36mhub              |[0m [Twitter] | 18-03-2021; 00:11:40 | {'id': '1372339842252640257', 'text': 'Check out this listing I just added to my #Poshmark closet: NWT Vintage 93 Vegan Leather Boots. https://t.co/hBrbJdl545 #shopmycloset @poshmarkapp'}
[36mhub              |[0m [Twitter] | 18-03-2021; 00:12:25 | {'id': '1372340033382850565', 'text': 'Check out this listing I just added to my #Poshmark closet: üéÅüéÅNEW VEGAN LEATHER CAT BAG!!. https://t.co/VWZbqvIhPd #shopmycloset @poshmarkapp'}
[36mhub              |[0m [Twitter] | 18-03-2021; 00:12:45 | {'id': '1372340119127134210', 'text': 'https://t.co/k0SF9hH3mW : 2e5b8b1c-0813-4238-b758-2ed08654f3c8'}
[36mhub              |[0m [Twitter] | 18-03-2021; 00:13:04 | {'id': '1372340196188909568', 'text': '@peta is more than ridiculous. You chose a girl who wears leather on a constant to be your face for anti-leather campaign? Major disgrace for a company like yours. I guess it‚Äôs only fair since your past #antifur models were Naomi and Khloe. #hypocricy'}
[36mhub              |[0m [Twitter] | 18-03-2021; 00:15:12 | {'id': '1372340734846627844', 'text': 'https://t.co/k0SF9hprYm : 59f4155e-9c3c-4639-a308-365fc750b81c'}
[36mhub              |[0m [Twitter] | 18-03-2021; 00:15:32 | {'id': '1372340818388877315', 'text': 'RT @griffin38187019: https://t.co/R4jyrVQW4X PLEASE SIGN PETITION TO TELL AGRICULTURE MINISTER BRAZIL TO STOP KILLIN G &amp; MUTILATING ANIMALS‚Ä¶'}
[36mhub              |[0m [Twitter] | 18-03-2021; 00:16:06 | {'id': '1372340959648878597', 'text': 'Check out this listing I just added to my #Poshmark closet: MOTO Jacket Black Vegan Leather - Large. https://t.co/f8RmDUfSVh #shopmycloset @poshmarkapp'}
[36mhub              |[0m [Twitter] | 18-03-2021; 00:16:31 | {'id': '1372341064078594048', 'text': '#animal #cute Soft Rhinestone Leather Set Dog of Harness &amp;amp; Leash https://t.co/6QsvYuRB2P'}
[36mhub              |[0m [Twitter] | 18-03-2021; 00:17:38 | {'id': '1372341346443333632', 'text': "RT @GoSleepBelall: Guys, I've initiated a business regarding Leather Shoes and need some real validation. üíú  would mean the world if you co‚Ä¶"}
[36mhub              |[0m [Twitter] | 18-03-2021; 00:22:13 | {'id': '1372342499298078720', 'text': 'https://t.co/k0SF9hprYm : e6c38920-e60e-4ef1-bdde-4a97fcaf2f47'}
[36mhub              |[0m [Twitter] | 18-03-2021; 00:23:48 | {'id': '1372342896481947651', 'text': 'https://t.co/k0SF9hH3mW : b37cf14f-e972-4715-ba37-295b2030ea81'}
[36mhub              |[0m [Twitter] | 18-03-2021; 00:26:48 | {'id': '1372343654732341251', 'text': 'I want to feel it! https://t.co/a97aqNZ8Gw'}
[36mhub              |[0m [Twitter] | 18-03-2021; 00:27:13 | {'id': '1372343756788273153', 'text': '@SecondGentleman @DouglasEmhoff @GovMLG Leather bags\nMade in Italy\nAll 20% discount\nHelp an italian little business\n\nhttps://t.co/zNIfimStd2'}
[36mhub              |[0m [Twitter] | 18-03-2021; 00:27:28 | {'id': '1372343818977181699', 'text': '@yrhenwrach Uh-oh! Is you‚Äôre not a vegan, may I recommend a sheepskin to cover yourself with? They like to kneed the leather side with the floofy side down, and you can spare yourself ‚Äúdeath by a thousand cuddles‚Äù!'}
[36mhub              |[0m [Twitter] | 18-03-2021; 00:27:45 | {'id': '1372343893627404292', 'text': 'https://t.co/k0SF9hH3mW : 0598d158-bb8d-4cab-bff1-6ffe851e56f9'}
[36mhub              |[0m [Twitter] | 18-03-2021; 00:28:10 | {'id': '1372343996677230592', 'text': 'I miss when animal crossing had lucky clovers you could find and replant or wear\n\nThey added a shamrock wand and its recipe uses regular weeds'}
[36mhub              |[0m [Twitter] | 18-03-2021; 00:29:40 | {'id': '1372344375829790721', 'text': 'RT @_candacejoy_: if you ate a plant based meal this week, i‚Äôm proud of you. if you got oat milk in your coffee today instead of dairy, i‚Äôm‚Ä¶'}
[36mhub              |[0m [Twitter] | 18-03-2021; 00:29:47 | {'id': '1372344404955037700', 'text': 'How many humans already acknowledge animals are living beings, and yet they still eat them, abuse them, hunt them, wear them, exploit them, experiment on them, use them as fashion accessories, use them as machines, destroy their homes and feeding grounds..... \n#vegan #compassion https://t.co/T7NYEaigsw'}
[36mhub              |[0m [Twitter] | 18-03-2021; 00:30:36 | {'id': '1372344610161270785', 'text': 'https://t.co/k0SF9hprYm : 3a2b33f6-3515-47b6-b858-59074dc64c7b'}
[36mhub              |[0m [Twitter] | 18-03-2021; 00:30:53 | {'id': '1372344678473990145', 'text': '@Protect_Wldlife @c255666a459a495 How many humans already acknowledge animals are living beings, and yet they still eat them, abuse them, hunt them, wear them, exploit them, experiment on them, use them as fashion accessories, use them as machines, destroy their homes and feeding grounds..... \n#vegan #compassion'}
[36mhub              |[0m [Twitter] | 18-03-2021; 00:33:50 | {'id': '1372345424481255424', 'text': 'RT @VogueRunway: .@StellaMcCartney has introduced her first garments made of Mylo, a "leather" alternative that can grow in about two weeks‚Ä¶'}
[36mhub              |[0m [Twitter] | 18-03-2021; 00:35:18 | {'id': '1372345793366138882', 'text': 'Wow! Plant based leather is looking good...\nhttps://t.co/9RyRwp876S'}
[36mhub              |[0m [Twitter] | 18-03-2021; 00:37:12 | {'id': '1372346271403450369', 'text': 'https://t.co/k0SF9hprYm : 5e743487-581e-41f9-b9a5-68a5f28bb8ef'}
[36mhub              |[0m [Twitter] | 18-03-2021; 00:38:48 | {'id': '1372346674761306113', 'text': 'https://t.co/k0SF9hH3mW : d8163145-1a14-4dca-a2b0-6fa30036eb9d'}
[36mhub              |[0m [Twitter] | 18-03-2021; 00:41:31 | {'id': '1372347357174628353', 'text': "RT @greenparty_ie: C√©n focail at√° #N√≠osFearrinGaeilge, dar leat? Here's some of our favourites, which we've been sharing throughout #Seacht‚Ä¶"}
[36mhub              |[0m [Twitter] | 18-03-2021; 00:42:31 | {'id': '1372347606970597385', 'text': 'https://t.co/k0SF9hH3mW : cad902c8-ec87-44a3-bff7-bb16c4580f97'}
[36mhub              |[0m [Twitter] | 18-03-2021; 00:45:13 | {'id': '1372348289119555584', 'text': 'RT @_candacejoy_: if you ate a plant based meal this week, i‚Äôm proud of you. if you got oat milk in your coffee today instead of dairy, i‚Äôm‚Ä¶'}
[36mhub              |[0m [Twitter] | 18-03-2021; 00:45:36 | {'id': '1372348382941876226', 'text': 'https://t.co/k0SF9hprYm : 0125b8e9-00e5-4d95-a5e6-a62c018b05ab'}
[36mhub              |[0m [Twitter] | 18-03-2021; 00:46:53 | {'id': '1372348706767405060', 'text': 'Corkor Cork Purse Crossbody Women | Vegan Bag Cruelty Free Non\xa0Leather https://t.co/1j6BdEYvxj'}
[36mhub              |[0m [Twitter] | 18-03-2021; 00:47:51 | {'id': '1372348949651189761', 'text': "@JainMaggii Don't judge people by what they eat, drink or wear. That's none of anybody else's business. Animals like Oxen or Buffalo pull ploughs &amp; carts, horses &amp; elephants are put to work too. Leather is used to make shoes, belts, jackets, caps, etc. Animal bones are used to make capsules."}
[36mhub              |[0m [Twitter] | 18-03-2021; 00:47:51 | {'id': '1372348952599748608', 'text': 'STELLA MCCARTNEY DEBUTS MYLO MUSHROOM "LEATHER"  https://t.co/OtN6Pvgd94'}
[36mhub              |[0m [Twitter] | 18-03-2021; 00:49:21 | {'id': '1372349328820428800', 'text': 'RT @terri_ainley: @Protect_Wldlife @c255666a459a495 How many humans already acknowledge animals are living beings, and yet they still eat t‚Ä¶'}
[36mhub              |[0m [Twitter] | 18-03-2021; 00:52:22 | {'id': '1372350086814912512', 'text': 'https://t.co/k0SF9hprYm : 140a5362-05a1-454c-98bc-f808dfcc7f11'}
[36mhub              |[0m [Twitter] | 18-03-2021; 00:53:47 | {'id': '1372350442009673738', 'text': 'https://t.co/k0SF9hH3mW : 6c04dd48-2d95-4686-9721-2bfcd0665372'}
[36mhub              |[0m [Twitter] | 18-03-2021; 00:56:13 | {'id': '1372351055191711746', 'text': "WESTAL Bag men's Genuine Leather briefcase Male man laptop bag natural Leather for men Messenger bags men's briefcases 2019 \n‚û§ $ 107.68. \n‚û§ https://t.co/o3Pp9puxn3\n#leatherjacket #streetwear https://t.co/obO64wVeLa"}
[36mhub              |[0m [Twitter] | 18-03-2021; 00:57:20 | {'id': '1372351338022109186', 'text': 'https://t.co/k0SF9hH3mW : 3646ae7f-e39a-4f3d-905e-8c03b1e747e6'}
[36mhub              |[0m [Twitter] | 18-03-2021; 00:58:26 | {'id': '1372351612019216387', 'text': '@janeelisabethh I got this one years ago. I thought it was pretty great, but it is a little expensive since it‚Äôs leather https://t.co/B8v6gksgfu'}
[36mhub              |[0m [Twitter] | 18-03-2021; 00:59:36 | {'id': '1372351906555822082', 'text': 'Stella McCartney created vegan leather pants and a bustier top to show the luxurious potential of Mylo, a vegan leather grown from mushroom root systems üçÑ \n\nhttps://t.co/SCUDQ28WOz'}
[36mhub              |[0m [Twitter] | 18-03-2021; 01:00:12 | {'id': '1372352056925679617', 'text': 'https://t.co/k0SF9hprYm : b4cab1b7-e6af-4d3f-a823-5ed369fbc0a6'}
[36mhub              |[0m [Twitter] | 18-03-2021; 01:00:18 | {'id': '1372352084310429697', 'text': 'Tan Lavishy Embroidered Vegan/Faux Leather Wallet With Blue Bird  | eBay https://t.co/QybdxLEEQe'}
[36mhub              |[0m [Twitter] | 18-03-2021; 01:01:28 | {'id': '1372352378368835586', 'text': "RT @TheDuncanDog: I am happy to wear GREEN today, especially when it is my @Morris_Animal bandana! Since I was a puppy, I've been one of #3‚Ä¶"}
[36mhub              |[0m [Twitter] | 18-03-2021; 01:02:48 | {'id': '1372352711501438979', 'text': 'RT @herbivore_club: Stella McCartney created vegan leather pants and a bustier top to show the luxurious potential of Mylo, a vegan leather‚Ä¶'}
[36mhub              |[0m [Twitter] | 18-03-2021; 01:02:50 | {'id': '1372352721479741441', 'text': "RT @greenparty_ie: C√©n focail at√° #N√≠osFearrinGaeilge, dar leat? Here's some of our favourites, which we've been sharing throughout #Seacht‚Ä¶"}
[36mhub              |[0m [Twitter] | 18-03-2021; 01:02:53 | {'id': '1372352731885801479', 'text': 'RT @herbivore_club: Stella McCartney created vegan leather pants and a bustier top to show the luxurious potential of Mylo, a vegan leather‚Ä¶'}
[36mhub              |[0m [Twitter] | 18-03-2021; 01:04:23 | {'id': '1372353109138280450', 'text': 'Mens Classic Business Genuine Leather Belt \n$19.95 and FREE Shipping\nTag a friend who would love this! üòÉ\n\n#love #ootd #bespoke #lifestyle https://t.co/ro0OPM4rQl'}
[36mhub              |[0m [Twitter] | 18-03-2021; 01:06:41 | {'id': '1372353688795234310', 'text': 'RT @_candacejoy_: if you ate a plant based meal this week, i‚Äôm proud of you. if you got oat milk in your coffee today instead of dairy, i‚Äôm‚Ä¶'}
[36mhub              |[0m [Twitter] | 18-03-2021; 01:07:22 | {'id': '1372353861847949313', 'text': 'https://t.co/k0SF9hprYm : 4d623723-500f-41cc-82b1-49ed4a547234'}
[36mhub              |[0m [Twitter] | 18-03-2021; 01:08:22 | {'id': '1372354115179843585', 'text': 'https://t.co/k0SF9hH3mW : c7167804-c39f-40d1-b292-3b14a6156f53'}
[36mhub              |[0m [Twitter] | 18-03-2021; 01:09:14 | {'id': '1372354330125291522', 'text': 'RT @herbivore_club: Stella McCartney created vegan leather pants and a bustier top to show the luxurious potential of Mylo, a vegan leather‚Ä¶'}
[36mhub              |[0m [Twitter] | 18-03-2021; 01:09:14 | {'id': '1372354333040209922', 'text': '@KaboodleOwO IVE REREAD IT ITS VEGAN LEATHER OFHSKDB MY BAD'}
[36mhub              |[0m [Twitter] | 18-03-2021; 01:09:17 | {'id': '1372354345329655810', 'text': 'Fun Boho LEATHER Beaded Wrap Infinity Circle Bracelet - Silver Infinity Circle Triple Wrap Natural... https://t.co/ndjKXfmK66 https://t.co/CeE8HkOmzz'}
[36mhub              |[0m [Twitter] | 18-03-2021; 01:12:36 | {'id': '1372355177559302146', 'text': '4mm Natural Bolo Braided Leather Cord Premium https://t.co/PXyuppycwY #cord #bolocord #roundbraidedcord #impotedleather #leathersupplies https://t.co/PL8NJgkeuR'}
[36mhub              |[0m [Twitter] | 18-03-2021; 01:12:44 | {'id': '1372355214267854853', 'text': 'https://t.co/k0SF9hH3mW : 43dc641a-3a78-4285-9cf4-6f1be5f34c7e'}
[36mhub              |[0m [Twitter] | 18-03-2021; 01:13:22 | {'id': '1372355370102968320', 'text': '@pakticklornish @TrianoPeter @SwiftieKel @ClimateEnvoy When licking boots are you a real leather kind of guy or do you prefer an animal friendly pleather substitute. Follow what rules? No mask, 1 mask, 2 mask? 6 ft, 3 ft?'}
[36mhub              |[0m [Twitter] | 18-03-2021; 01:13:35 | {'id': '1372355424830251008', 'text': 'Luxury label Herm√®s is launching a version of its Victoria bag made with a buttery-soft vegan mushroom leather called Sylvania. https://t.co/Y8qp5N7QdK #news #sustainable fashion #mushroom leather'}
[36mhub              |[0m [Twitter] | 18-03-2021; 01:13:57 | {'id': '1372355517167845378', 'text': 'A6 Faux Leather Blue Cork Notebook. Eco Friendly Journal https://t.co/L8gXjSPIG9 #Etsy #ChickenPink #FauxLeatherBook https://t.co/kpheO0P9E4'}
[36mhub              |[0m [Twitter] | 18-03-2021; 01:14:39 | {'id': '1372355693332807681', 'text': 'Thanks #fashionistas #Fbloggers #Bbloggers #Lbloggers #vegan #makeup #beauty #lingerie #fashion #news Tweeps for Following, for views+comments on my blog https://t.co/2Oxoo9A4Rm +for watching my customer blouse+full brief OOTD+review videosü§™ü§£ü•∞on YouTube https://t.co/k70j0Tw0V5'}
[36mhub              |[0m [Twitter] | 18-03-2021; 01:14:50 | {'id': '1372355740560617476', 'text': 'YES!!! ‚ù§Ô∏è Stella McCartney Introduces Her First Garments Made of Mylo, the ‚ÄúLeather‚Äù Alternative Grown From Mushrooms https://t.co/iPU2FAHpk2 via @voguemagazine'}
[36mhub              |[0m [Twitter] | 18-03-2021; 01:14:55 | {'id': '1372355761452421122', 'text': 'https://t.co/k0SF9hprYm : dc2e56ef-b9cd-43fa-9a2f-085bcb375ecf'}
[36mhub              |[0m [Twitter] | 18-03-2021; 01:15:56 | {'id': '1372356016596193280', 'text': 'UGG vegan shoes have arrived. The collection features two styles made from sustainably sourced wood fibers. https://t.co/3GQq1fEqKT #news #shoes #sustainable fashion'}
[36mhub              |[0m [Twitter] | 18-03-2021; 01:17:09 | {'id': '1372356322230951936', 'text': 'RT @slippdipp: The leather legal guardian is here https://t.co/hmh00Dh0QS'}
[36mhub              |[0m [Twitter] | 18-03-2021; 01:18:14 | {'id': '1372356597746372608', 'text': 'RT @Protect_Wldlife: Horrifying scenes uncovered at #Chinese #fur farms!! \n\nONLY an #animal needs to wear a fur coat!!! https://t.co/r2440O‚Ä¶'}
[36mhub              |[0m [Twitter] | 18-03-2021; 01:19:04 | {'id': '1372356806517825537', 'text': 'RT @slippdipp: The leather legal guardian is here https://t.co/hmh00Dh0QS'}
[36mhub              |[0m [Twitter] | 18-03-2021; 01:19:06 | {'id': '1372356816013815808', 'text': 'This company is using plants to make handbags and clothes https://t.co/h3wPJw7oCr via @wef'}
[36mhub              |[0m [Twitter] | 18-03-2021; 01:19:57 | {'id': '1372357027880636417', 'text': '@MsSmartie2u @MissJayToYou Yup. And the lady called it her ‚Äútherapist‚Äù dog. Ummm emotional support animal? It‚Äôs illegal to put a service dog vest on an ESA. They do not have public access. Therapy dogs don‚Äôt wear service dog vests either. üòÜüòÜüòÜüôÑüôÑ'}
[36mhub              |[0m [Twitter] | 18-03-2021; 01:20:12 | {'id': '1372357089830576130', 'text': '@eyesarebuttons literal torture he‚Äôs the worst kind of vegan wore a leather jacket just to spite him'}
[36mhub              |[0m [Twitter] | 18-03-2021; 01:20:31 | {'id': '1372357173422911492', 'text': 'Check out this listing I just added to my #Poshmark closet: Nwt. Patricia Nash Karisa Crossbody Vegan Leather. https://t.co/XHBrXuA7k2 #shopmycloset @poshmarkapp'}
[36mhub              |[0m [Twitter] | 18-03-2021; 01:20:48 | {'id': '1372357242096394240', 'text': 'Silver Infinity Circle Triple Wrap Natural Leather w/ Extension Chain https://t.co/EqmnG9NmNO https://t.co/uaSnd5lTcZ'}
[36mhub              |[0m [Twitter] | 18-03-2021; 01:22:46 | {'id': '1372357738244702211', 'text': 'https://t.co/k0SF9hprYm : 8ed8667a-96e9-4549-b9ea-16484ea3d0c7'}
[36mhub              |[0m [Twitter] | 18-03-2021; 01:23:47 | {'id': '1372357993178730498', 'text': 'https://t.co/k0SF9hH3mW : 956d8491-b02e-4bcd-92b0-4e5960fe8a12'}
[36mhub              |[0m [Twitter] | 18-03-2021; 01:25:21 | {'id': '1372358387199975424', 'text': 'Forsining Watch Men Sport Mechanical Wristwatch Automatic Self-Wind Clock Date 3 Dials Shiny Leather Business Waterproof Relogio\u3000https://t.co/n3w5hUGf4j'}
[36mhub              |[0m [Twitter] | 18-03-2021; 01:27:44 | {'id': '1372358987405012998', 'text': 'https://t.co/k0SF9hH3mW : 6ff46685-9523-4f98-aa01-f11a75ee9f7d'}
[36mhub              |[0m [Twitter] | 18-03-2021; 01:27:44 | {'id': '1372358988298326018', 'text': 'Girl that wear/like animal print bother me.'}
[36mhub              |[0m [Twitter] | 18-03-2021; 01:29:39 | {'id': '1372359471914049538', 'text': 'RT @animal_front: Is your leather or fur, even #FauxFur made of dog or cat skin? \n#Vegan \n#GoVegan\n#AnimalCruelty https://t.co/cN3lwWFPI4'}
[36mhub              |[0m [Twitter] | 18-03-2021; 01:30:18 | {'id': '1372359635261263877', 'text': 'if bro didn‚Äôt cuff that she‚Äôd still be wearing mids w leather pants. goofy ass bitch stay out my business. #FakeFlyBitches'}
[36mhub              |[0m [Twitter] | 18-03-2021; 01:30:35 | {'id': '1372359705796874244', 'text': 'https://t.co/k0SF9hprYm : dc662544-3e38-4d8d-ab8a-5c9254a1283f'}
[36mhub              |[0m [Twitter] | 18-03-2021; 01:31:09 | {'id': '1372359845286834176', 'text': 'Check out this listing I just added to my #Poshmark closet: NEW Free People Vegan Leather Pants Black. https://t.co/olG555bbwF #shopmycloset @poshmarkapp'}
[36mhub              |[0m [Twitter] | 18-03-2021; 01:31:42 | {'id': '1372359986660192257', 'text': "Don't like this sneaker business. \n\nWhat sort of person goes around needing to sneak? What kind of citizenry does such a thing?\n\nBring back hard leather heels, with a nice click as you go down the lane. Announce yourself, shed light upon things. Bring back honorable conduct."}
[36mhub              |[0m [Twitter] | 18-03-2021; 01:33:13 | {'id': '1372360368958361601', 'text': 'Synthetic Leather Motorcycle Seat for Honda https://t.co/coNK2U5BXm #car #driving #motorcycle #autoreplacementparts #carrepairtools #carelectronics #carlights #carwashmaintenance #caraccessories #travel #roadway https://t.co/6SAOLw1pq3'}
[36mhub              |[0m [Twitter] | 18-03-2021; 01:35:30 | {'id': '1372360940029669385', 'text': '‚ùó#Dogs bludgeoned and killed for #Leather in #China ‚ùó#ShameonYou ‚ùó#MansBestFriend #EndDogMeatTrade #DontBuyLeather it could be #Dog ‚ùó https://t.co/MKLGPkAcnj'}
[36mhub              |[0m [Twitter] | 18-03-2021; 01:35:54 | {'id': '1372361042077085696', 'text': 'RT @titina_q: https://t.co/PbwWo9KwJX'}
[36mhub              |[0m [Twitter] | 18-03-2021; 01:36:42 | {'id': '1372361246171930631', 'text': 'or like .. vegan leather ! https://t.co/LKgQ9ClXmR'}
[36mhub              |[0m [Twitter] | 18-03-2021; 01:36:57 | {'id': '1372361308327186436', 'text': 'https://t.co/k0SF9hprYm : 7b9309be-bfb6-41ec-88bf-23a3f5371e10'}
[36mhub              |[0m [Twitter] | 18-03-2021; 01:37:54 | {'id': '1372361548115496964', 'text': "@Avrilk1 They're super friendly. They feel like wire scrubbing brush wrapped around a leather football. Big goofy rabbit teeth. Actual incarnations of angels."}
[36mhub              |[0m [Twitter] | 18-03-2021; 01:38:23 | {'id': '1372361667594616833', 'text': 'https://t.co/k0SF9hH3mW : 904172a5-a013-41a5-968d-d00b122de130'}
[36mhub              |[0m [Twitter] | 18-03-2021; 01:40:06 | {'id': '1372362101390336001', 'text': 'Amazing to see what mushroom looks like as a leather alternative https://t.co/P0ZTZm9BqP'}
[36mhub              |[0m [Twitter] | 18-03-2021; 01:40:17 | {'id': '1372362147657785344', 'text': "@pattibacchus In mink farming, nothing is wasted. The fat is rendered into mink oil that's used to protect &amp; waterproof leather, as well as in the cosmetic industry and now sometimes to produce bio-fuels. The rest of the carcass, with the manure &amp; soiled bedding (straw or shavings) is 1/2"}
[36mhub              |[0m [Twitter] | 18-03-2021; 01:40:35 | {'id': '1372362221150302210', 'text': 'Check out Nwot Natural Soul By Naturalizer womens 10m black leather slip on  shoes #Naturalizer https://t.co/xWzCyVm0xo via @eBay'}
[36mhub              |[0m [Twitter] | 18-03-2021; 01:41:37 | {'id': '1372362480496820228', 'text': '2011 Toyota Corolla Sprinter 1.6 Proffessional Sedan MINT\nManual 95,000km 6Forward Leather/Cloth Seats BLACK\n\nNOW @R124,900 CASH ONLY\n\n#WhatsApp 074 | 095 | 6652 #Strictly #Business You are only one #Phone Call away from your #Dream #Car\n\n#MTN 0786882021 | #CellC 0740956652 https://t.co/AcPJAAJwep'}
[36mhub              |[0m [Twitter] | 18-03-2021; 01:42:09 | {'id': '1372362615242977281', 'text': 'Check out this listing I just added to my #Poshmark closet: NIB Rialto Natural Patent Leather Heels. https://t.co/l6yBfYC0ru #shopmycloset @poshmarkapp'}
[36mhub              |[0m [Twitter] | 18-03-2021; 01:42:44 | {'id': '1372362762110767107', 'text': 'https://t.co/k0SF9hH3mW : ffe2d8d0-57cd-465a-8d4a-8267ae3b9807'}
[36mhub              |[0m [Twitter] | 18-03-2021; 01:42:46 | {'id': '1372362770318913537', 'text': 'So true... No egg no meat no fish for jain religion.. Even any veg dish in the shape of any animal part is banned in our lives... As such dish keeps violent thoughts alive in one mind.. B vegetarian b environmental friendly https://t.co/pUSL1fc1aM'}
[36mhub              |[0m [Twitter] | 18-03-2021; 01:44:19 | {'id': '1372363160997429250', 'text': 'Check out this listing I just added to my #Poshmark closet: NEW Anthropologie Top Weston Wear Animal P‚Ä¶. https://t.co/sb8eEBgwKc #shopmycloset @poshmarkapp'}
[36mhub              |[0m [Twitter] | 18-03-2021; 01:45:35 | {'id': '1372363481635115011', 'text': 'https://t.co/k0SF9hprYm : 0c06b913-e264-4ed3-b122-83eb1546597c'}
[36mhub              |[0m [Twitter] | 18-03-2021; 01:48:10 | {'id': '1372364128115916802', 'text': '@JChaseSanchez Based on my observations, this holds true. As one who identifies as both male &amp; female, I attended my most recent business meeting over Zoom while wearing a hoodie, a beanie, and dark sunglasses on top, but my Armani pants and Magnanni leather monk-strap dress shoes down under.'}
[36mhub              |[0m [Twitter] | 18-03-2021; 01:48:15 | {'id': '1372364151146749954', 'text': "Stella McCartney Unveils World's First Vegan Mushroom Leather Pants - VegNews https://t.co/axL5nYYilg"}
[36mhub              |[0m [Twitter] | 18-03-2021; 01:49:19 | {'id': '1372364421348085762', 'text': 'Voy a decir algo raro y espero q se me logre entender\nWn ahora q lo pienso, wear a x grupo de personas por comer un tipo de animal q no es el "com√∫n" (vaca, cerdo, pollo, etc) es s√∫per clasista wn q cu√°tico\nPq normalmente las personas q consumen &gt;esas&lt; carnes +'}
[36mhub              |[0m [Twitter] | 18-03-2021; 01:49:22 | {'id': '1372364431850635268', 'text': 'Vegan Leather Jesus Wallet üòçüòçüòç WAP for my Lord and Savior ‚úùÔ∏è Reminder to pray for my husbands testicular cancer surgery üò™üò™ https://t.co/TuQNsVKhdm'}
[36mhub              |[0m [Twitter] | 18-03-2021; 01:50:16 | {'id': '1372364658619863041', 'text': 'RT @mackdad_dy: Vegan Leather Jesus Wallet üòçüòçüòç WAP for my Lord and Savior ‚úùÔ∏è Reminder to pray for my husbands testicular cancer surgery üò™üò™‚Ä¶'}
[36mhub              |[0m [Twitter] | 18-03-2021; 01:52:21 | {'id': '1372365182970724355', 'text': 'https://t.co/k0SF9hprYm : 81b3f307-e527-45b2-9725-c1b015f65059'}
[36mhub              |[0m [Twitter] | 18-03-2021; 01:53:46 | {'id': '1372365538622644226', 'text': 'https://t.co/k0SF9hH3mW : 8e99aa63-92cf-4586-a382-38b8ef05a9b2'}
[36mhub              |[0m [Twitter] | 18-03-2021; 01:54:21 | {'id': '1372365685700059136', 'text': '@PetaIndia Choose vegan fashion but dont forget to enjoy some steak of beef in India...lol'}
[36mhub              |[0m [Twitter] | 18-03-2021; 01:57:44 | {'id': '1372366536862793729', 'text': 'https://t.co/k0SF9hH3mW : 40542b59-e4ba-42e2-9657-f2947e3bde93'}
[36mhub              |[0m [Twitter] | 18-03-2021; 01:59:56 | {'id': '1372367093006540800', 'text': 'S-ZONE Men‚Äôs Buffalo Leather Messenger Bag Satchel 17 inch Laptop Briefcase Office Business College Bag\xa0(Coffee) https://t.co/fVerTvh844'}
[36mhub              |[0m [Twitter] | 18-03-2021; 02:00:35 | {'id': '1372367256340951043', 'text': 'https://t.co/k0SF9hprYm : f506889b-ceeb-4dba-b8e2-6f62c0a8af1e'}
[36mhub              |[0m [Twitter] | 18-03-2021; 02:00:37 | {'id': '1372367262401794048', 'text': 'Animal Crossing Gift Giveaway ‚ÄºÔ∏èDodocode: 360GB ! I will delete in 5 minutes! Once you arrive please wait politely for everyone to show up as it can take a little bit!‚ù§Ô∏è\n1. bring a gift 2. Have empty pockets. 3. Wear PJs!‚ù§Ô∏è #animalcrossing #dodocode'}
[36mhub              |[0m [Twitter] | 18-03-2021; 02:00:51 | {'id': '1372367321184923650', 'text': 'Animal Crossing Gift Giveaway ‚ÄºÔ∏èDodocode: 360GB ! I will delete in 5 minutes! Once you arrive please wait politely for everyone to show up as it can take a little bit!‚ù§Ô∏è\n1. bring a gift 2. Have empty pockets. 3. Wear PJs!‚ù§Ô∏è #animalcrossing #dodocode'}
[36mhub              |[0m [Twitter] | 18-03-2021; 02:02:33 | {'id': '1372367747309395968', 'text': 'Check out this listing I just added to my #Poshmark closet: Jambu Vegan Leather Slingback Women‚Äôs Sandals 7.5. https://t.co/1UF8jy6wsB #shopmycloset @poshmarkapp'}
[36mhub              |[0m [Twitter] | 18-03-2021; 02:04:53 | {'id': '1372368336160354305', 'text': 'Check out this listing I just added to my #Poshmark closet: J Crew Animal Print Leather Shoulder Bag. https://t.co/mv5S3mmcCG #shopmycloset @poshmarkapp'}
[36mhub              |[0m [Twitter] | 18-03-2021; 02:06:09 | {'id': '1372368653534990339', 'text': "RT @TheDuncanDog: I am happy to wear GREEN today, especially when it is my @Morris_Animal bandana! Since I was a puppy, I've been one of #3‚Ä¶"}
[36mhub              |[0m [Twitter] | 18-03-2021; 02:07:01 | {'id': '1372368873131966466', 'text': 'https://t.co/k0SF9hprYm : 650fd28c-f36b-46cf-b6b5-794304ecd074'}
[36mhub              |[0m [Twitter] | 18-03-2021; 02:07:24 | {'id': '1372368971370954752', 'text': 'Check out this listing I just added to my #Poshmark closet: Soho White Metallic RoseGold Vegan Leather Sneaker. https://t.co/qX9Pf80kTI #shopmycloset @poshmarkapp'}
[36mhub              |[0m [Twitter] | 18-03-2021; 02:08:08 | {'id': '1372369153714180097', 'text': 'RT @SUNNI_MONSTER: Guys stop using Vegan leather. There‚Äôs no such thing as Vegan leather. It‚Äôs a marketing term for synthetic leather...vin‚Ä¶'}
[36mhub              |[0m [Twitter] | 18-03-2021; 02:10:27 | {'id': '1372369737380925441', 'text': 'RT @TheeBurgerDude: @JoBurch91698111 So veganism seeks to reduce harm as much as practical or possible. So yes, most the time we avoid leat‚Ä¶'}
[36mhub              |[0m [Twitter] | 18-03-2021; 02:10:43 | {'id': '1372369804204593153', 'text': 'Vegan leather is just leather made from the skin of a vegan.'}
[36mhub              |[0m [Twitter] | 18-03-2021; 02:10:45 | {'id': '1372369811297173507', 'text': "@BadBunnyTwitch I'm also doing a vegan run, it's in modded Minecraft and I turn zombie flesh into leather with magic.\nAnd also automated a fulfilling strawberry fruit salad to eat.\nüçì"}
[36mhub              |[0m [Twitter] | 18-03-2021; 02:12:44 | {'id': '1372370310893293569', 'text': 'https://t.co/k0SF9hH3mW : 1615f590-0459-4060-9e35-170aab9319e0'}
[36mhub              |[0m [Twitter] | 18-03-2021; 02:14:32 | {'id': '1372370766323281921', 'text': 'ÁßÅ„ÅåÂøúÊè¥„Åó„Å¶„ÅÑ„Çã„ÄåKAPOK KNOT„Äç„Å®„ÅÑ„ÅÜ„Éñ„É©„É≥„Éâ„Åå„ÇØ„É©„Éï„Ç°„É≥‰∏≠„Åß„ÅôÔºÅ\n\n„Ç´„Éù„ÉÉ„ÇØ„Éé„ÉÉ„Éà„ÅØ„ÄÅÊú®„ÉéÂÆüÁî±Êù•„ÅÆÁ¥†Êùê„Çí‰Ωø„Å£„Åü„ÉÄ„Ç¶„É≥„Éñ„É©„É≥„Éâ„Åß„Åô„ÄÇ\n\n‰ªäÂõûUSÈÄ≤Âá∫„Å®„Åó„Å¶LA„ÅÆ„ÄåVegan Fashion week„Äç„Å®„Ç≥„É©„Éú„É¨„Éº„Ç∑„Éß„É≥„Åó„Å¶„ÄÅÂÆ∂„ÅßÂø´ÈÅ©„Å´ÈÅé„Åî„Åõ„Çã„Åü„Å£„Åü5mm„Åß„ÉÄ„Ç¶„É≥„ÅÆÊöñ„Åã„Åï„ÇíÊåÅ„Å§„ÄåÁæΩÁπî„Çä„Ç∏„É£„Ç±„ÉÉ„Éà„Äç„ÇíÂá∫„Åó„Å¶„Åæ„ÅôÔºÅ https://t.co/Zx7vtlAifD'}
[36mhub              |[0m [Twitter] | 18-03-2021; 02:14:47 | {'id': '1372370827811901440', 'text': 'RT @NicksStories: Excited to share the latest addition to my #etsy shop: Louis Vuitton Inspired Vegan Leather Clutch Bag by NICK https://t.‚Ä¶'}
[36mhub              |[0m [Twitter] | 18-03-2021; 02:15:31 | {'id': '1372371013040623616', 'text': 'Check out this listing I just added to my #Poshmark closet: Wilsons Leather Black Moto Jacket Animal Print. https://t.co/eqVqNpPzpv #shopmycloset @poshmarkapp'}
[36mhub              |[0m [Twitter] | 18-03-2021; 02:15:36 | {'id': '1372371032133181441', 'text': 'https://t.co/k0SF9hprYm : 0d12f26e-3b17-4691-877e-bd4117fa9bac'}
[36mhub              |[0m [Twitter] | 18-03-2021; 02:18:53 | {'id': '1372371859308642305', 'text': 'Herm√®s‚Äô $7,000 ‚ÄòMushroom Bag‚Äô Points To The Future Of Veganism In Luxury #Hermes\nhttps://t.co/WX5z1igSpA'}
[36mhub              |[0m [Twitter] | 18-03-2021; 02:20:31 | {'id': '1372372269197053954', 'text': 'Montana West is a premier designer and manufacturer of modern western leather handbags, wallets, sandals, etc. Our inventory houses over 10,000 active products. Through many years in business, we have built trustworthy relationships with our customers. https://t.co/klA7UcPvvv https://t.co/E8fspwMhoP'}
[36mhub              |[0m [Twitter] | 18-03-2021; 02:22:22 | {'id': '1372372735767146497', 'text': 'https://t.co/k0SF9hprYm : e6bd5737-73c6-4423-a9e0-719b81bea6b1'}
[36mhub              |[0m [Twitter] | 18-03-2021; 02:23:10 | {'id': '1372372939123916804', 'text': "RT @TheDuncanDog: I am happy to wear GREEN today, especially when it is my @Morris_Animal bandana! Since I was a puppy, I've been one of #3‚Ä¶"}
[36mhub              |[0m [Twitter] | 18-03-2021; 02:23:47 | {'id': '1372373092383752193', 'text': 'https://t.co/k0SF9hH3mW : 1bf3cddc-6583-4381-bb68-64ee1183b65b'}
[36mhub              |[0m [Twitter] | 18-03-2021; 02:24:00 | {'id': '1372373146662105091', 'text': '„Ç®„É´„É°„Çπ„ÄÅ„Ç≠„Éé„Ç≥„Åã„Çâ‰Ωú„Çâ„Çå„Åü‰∫∫Â∑•„É¨„Ç∂„Éº„Åß„Éê„ÉÉ„Ç∞„Çí„Å§„Åè„Çã | „ÇÆ„Ç∫„É¢„Éº„Éâ„Éª„Ç∏„É£„Éë„É≥ https://t.co/JgYqgkxqap'}
[36mhub              |[0m [Twitter] | 18-03-2021; 02:26:27 | {'id': '1372373763476496390', 'text': 'The future of responsible fashion.  This is so exciting. \nhttps://t.co/SS7I3J8Xml'}
[36mhub              |[0m [Twitter] | 18-03-2021; 02:27:20 | {'id': '1372373988349972487', 'text': 'https://t.co/k0SF9hH3mW : 95a0dad2-f599-4182-accb-bc8225ec7c6c'}
[36mhub              |[0m [Twitter] | 18-03-2021; 02:27:25 | {'id': '1372374008239251458', 'text': 'Check out this listing I just added to my #Poshmark closet: Kut from the Kloth Faux Vegan Leather Jacket. https://t.co/R30fXTHX0z #shopmycloset @poshmarkapp'}
[36mhub              |[0m [Twitter] | 18-03-2021; 02:28:06 | {'id': '1372374180335816709', 'text': 'Check out this listing I just added to my #Poshmark closet: Anthropologie Hei Hei vegan leather gray jacket. https://t.co/ngdLAZT7sz #shopmycloset @poshmarkapp'}
[36mhub              |[0m [Twitter] | 18-03-2021; 02:29:51 | {'id': '1372374621140385793', 'text': 'https://t.co/k0SF9hprYm : 4aedd6af-1720-478a-b1de-c0b247e64b72'}
[36mhub              |[0m [Twitter] | 18-03-2021; 02:33:22 | {'id': '1372375504985190405', 'text': 'RT @herbivore_club: Stella McCartney created vegan leather pants and a bustier top to show the luxurious potential of Mylo, a vegan leather‚Ä¶'}
[36mhub              |[0m [Twitter] | 18-03-2021; 02:34:00 | {'id': '1372375663894745091', 'text': 'Why do our kings wear Leopard skin and not Lion Skin!? https://t.co/2svFzdKWdO'}
[36mhub              |[0m [Twitter] | 18-03-2021; 02:34:44 | {'id': '1372375849354227716', 'text': 'Check out this listing I just added to my #Poshmark closet: Vegan/ Faux Leather  Purse. https://t.co/1DtRhzLMWV #shopmycloset @poshmarkapp'}
[36mhub              |[0m [Twitter] | 18-03-2021; 02:36:57 | {'id': '1372376408404627456', 'text': 'https://t.co/k0SF9hprYm : ad117b2b-64f4-44f0-9d69-5daead8fc276'}
[36mhub              |[0m [Twitter] | 18-03-2021; 02:38:47 | {'id': '1372376866800201732', 'text': 'https://t.co/k0SF9hH3mW : 54a0b137-80b8-466c-b47a-50cdb632c5d4'}
[36mhub              |[0m [Twitter] | 18-03-2021; 02:40:29 | {'id': '1372377297181929477', 'text': 'Check out NEW Ampere Creations Anita Red Vegan Leather Crossbody Wristlet Wallet Purse  https://t.co/OAxDA9MTAO @eBay'}
[36mhub              |[0m [Twitter] | 18-03-2021; 02:41:52 | {'id': '1372377643018899457', 'text': 'Check out this listing I just added to my #Poshmark closet: Zara Belted Vegan Leather MiniDress. https://t.co/u4iKE2P8RS #shopmycloset @poshmarkapp'}
[36mhub              |[0m [Twitter] | 18-03-2021; 02:42:44 | {'id': '1372377861122822144', 'text': 'https://t.co/k0SF9hH3mW : 3796c6ce-1a82-4ed2-a6f9-06d3cee37a40'}
[36mhub              |[0m [Twitter] | 18-03-2021; 02:43:55 | {'id': '1372378159753072641', 'text': '@jannarden @JustinTrudeau Also Trudeau and his whole family wear fur.  They don‚Äôt give a shit about animal welfare.'}
[36mhub              |[0m [Twitter] | 18-03-2021; 02:44:40 | {'id': '1372378348941361153', 'text': 'RT @IamDMarge: Herm√®s‚Äô $7,000 ‚ÄòMushroom Bag‚Äô Points To The Future Of Veganism In Luxury #Hermes\nhttps://t.co/WX5z1igSpA'}
[36mhub              |[0m [Twitter] | 18-03-2021; 02:45:16 | {'id': '1372378500368199683', 'text': 'https://t.co/k0SF9hprYm : 96b04d84-621c-4752-b26a-4e0be143052b'}
[36mhub              |[0m [Twitter] | 18-03-2021; 02:45:33 | {'id': '1372378570778099715', 'text': 'RT @VogueRunway: .@StellaMcCartney has introduced her first garments made of Mylo, a "leather" alternative that can grow in about two weeks‚Ä¶'}
[36mhub              |[0m [Twitter] | 18-03-2021; 02:45:34 | {'id': '1372378573323956227', 'text': '@sushantatmyc ‡¶ú‡¶ø‡¶®‡ßç‡¶¶‡¶æ‡¶≤ ‡¶∏‡¶ø‡¶Æ‡ßá‡¶®‡ßç‡¶ü ‡¶∂‡¶æ‡¶≤‡¶¨‡¶®‡¶ø‡¶§‡ßá, ‡¶∏‡ßá‡¶û‡ßç‡¶ö‡ßÅ‡¶∞‡¶ø Plywood  ‡¶è‡¶¨‡¶Ç ‡¶∏‡ßç‡¶ü‡¶æ‡¶∞ ‡¶∏‡¶ø‡¶Æ‡ßá‡¶®‡ßç‡¶ü‡¶∏ ‡¶ú‡¶≤‡¶™‡¶æ‡¶á‡¶ó‡ßÅ‡¶°‡¶º‡¶ø ‡¶§‡ßá ‡¶™‡ßç‡¶≤‡¶æ‡¶®‡ßç‡¶ü ‡¶ñ‡ßÅ‡¶≤‡ßá‡¶õ‡ßá. Himadri ‡¶ó‡ßã‡¶∑‡ßç‡¶†‡ßÄ ‡¶§‡¶æ‡¶¶‡ßá‡¶∞ ‡¶¨‡ßç‡¶Ø‡¶æ‡¶ü‡¶æ‡¶∞‡¶ø ‡¶ö‡¶æ‡¶≤‡¶ø‡¶§ ‡¶ó‡¶æ‡¶°‡¶º‡¶ø‡¶∞ ‡¶ï‡¶æ‡¶∞‡¶ñ‡¶æ‡¶®‡¶æ ‡¶ñ‡ßÅ‡¶≤‡¶õ‡ßá.\n\n‡¶¨‡¶æ‡¶®‡¶§‡¶≤‡¶æ ‡¶ö‡¶∞‡ßç‡¶Æ‡¶®‡¶ó‡¶∞‡ßÄ ‡¶Ü‡¶ú ‡¶¶‡ßá‡¶∂‡ßá‡¶∞ ‡¶Æ‡¶ß‡ßç‡¶Ø‡ßá ‡¶∏‡¶¨‡¶ö‡ßá‡¶Ø‡¶º‡ßá ‡¶¨‡¶°‡¶º‡ßã leather Industry ‡¶π‡¶ø‡¶∏‡¶æ‡¶¨‡ßá ‡¶ó‡¶£‡ßç‡¶Ø ‡¶π‡¶Ø‡¶º.'}
[36mhub              |[0m [Twitter] | 18-03-2021; 02:50:30 | {'id': '1372379817979613184', 'text': '#guy #quotes Messenger Bag Waterproof Vintage Leather Canvas https://t.co/awSEaue1z1 https://t.co/D62JdgNoTf'}
[36mhub              |[0m [Twitter] | 18-03-2021; 02:53:45 | {'id': '1372380637072650241', 'text': 'https://t.co/k0SF9hH3mW : 6e02b120-580b-4857-a85e-45c877f0c7ea'}
[36mhub              |[0m [Twitter] | 18-03-2021; 02:55:06 | {'id': '1372380974714028034', 'text': '2014 Toyota Hilux 3.0 D4D 4X2 HighRaider SingleCab Bakkie, Manual\n120,000km Leather Seats, TowBar BullBar, SideSteps, RearSteps WHITE\n\nNOW @234,900 WAS @R250,000 Bank Finance Yes! No Deposit!\n\n#WhatsApp 074 | 095 | 6652 #Strictly #Business https://t.co/xYJtJYsL6X'}
[36mhub              |[0m [Twitter] | 18-03-2021; 02:55:11 | {'id': '1372380996570554368', 'text': 'This company is using plants to make handbags, shoes and clothes - World Economic Forum #plants https://t.co/QLiepGneQE'}
[36mhub              |[0m [Twitter] | 18-03-2021; 02:57:43 | {'id': '1372381632880054273', 'text': 'https://t.co/k0SF9hH3mW : 69d74001-17cf-440b-81d3-a61486593b53'}
[36mhub              |[0m [Twitter] | 18-03-2021; 03:00:11 | {'id': '1372382252861063169', 'text': 'https://t.co/k0SF9hprYm : 0c0a65d5-56b8-403f-afa8-c8de1f4e769a'}
[36mhub              |[0m [Twitter] | 18-03-2021; 03:00:59 | {'id': '1372382456242929665', 'text': '@J34ncRodriguez @PlantLadyVegan @BostonGlobe We don\'t belong in society if we don\'t want to take an untested, unproven, unapproved FDA "vaccine" that had a huge kill rate in animal testing? Are you really that retarded? You probably wear a face diaper alone in your car right? You cowards are pathetic.'}
[36mhub              |[0m [Twitter] | 18-03-2021; 03:01:54 | {'id': '1372382685860102149', 'text': "RT @TheDuncanDog: I am happy to wear GREEN today, especially when it is my @Morris_Animal bandana! Since I was a puppy, I've been one of #3‚Ä¶"}
[36mhub              |[0m [Twitter] | 18-03-2021; 03:06:01 | {'id': '1372383720552865792', 'text': 'Blue Vegan Leather Faux Fur Lining Triple Zip-up Detail Moto Vest\n BORN A THREAT $27.5 \n\nClick the link to make an order\nhttps://t.co/98rg0ir8Hh \n\n#boutiques #fashion #boutique #boutiqueshopping #boutiquefashion #style #boutiqueclothing #boutiquestyle #shopping #onlineshopping... https://t.co/vz1UOT8vwZ'}
[36mhub              |[0m [Twitter] | 18-03-2021; 03:07:23 | {'id': '1372384064833871872', 'text': 'https://t.co/k0SF9hprYm : e3aaf3bc-6d76-4634-b2eb-7b69ca174114'}
[36mhub              |[0m [Twitter] | 18-03-2021; 03:08:32 | {'id': '1372384354136162307', 'text': 'SoHo Collections Simply Carson Vegan Leather Baby Diaper Bag Backpack with Changing pad Diaper Bag organiger Stroller Straps and Insulated Pockets 3 Pieces Set (White\xa0Gray) https://t.co/BdfFsghPgy'}
[36mhub              |[0m [Twitter] | 18-03-2021; 03:08:45 | {'id': '1372384409396084737', 'text': 'https://t.co/k0SF9hH3mW : d79761ca-b495-4ae3-8225-786da5b2defc'}
[36mhub              |[0m [Twitter] | 18-03-2021; 03:09:33 | {'id': '1372384608185020418', 'text': '"The chrome buttons buckle on leather surfaces\nThese and other lucky witnesses\nNow to calm me\nThis time won\'t you please\nDrive faster\n\nRoll the windows down this\nCool night air is curious\nLet the whole world look in\nWho cares who sees anything?\nI\'m your passenger" https://t.co/ILdD29n86U'}
[36mhub              |[0m [Twitter] | 18-03-2021; 03:10:32 | {'id': '1372384856064233475', 'text': 'RT @Charlie38379472: Dogs Being Killed for Leather NEED Your Help https://t.co/4swbCqBcMd via @peta'}
[36mhub              |[0m [Twitter] | 18-03-2021; 03:11:53 | {'id': '1372385198256631813', 'text': 'RT @JennaferNyxx: "The chrome buttons buckle on leather surfaces\nThese and other lucky witnesses\nNow to calm me\nThis time won\'t you please‚Ä¶'}
[36mhub              |[0m [Twitter] | 18-03-2021; 03:12:43 | {'id': '1372385406981959681', 'text': 'https://t.co/k0SF9hH3mW : c5656d4b-0dc4-403b-a1b3-542934db8b4d'}
[36mhub              |[0m [Twitter] | 18-03-2021; 03:15:36 | {'id': '1372386132315410439', 'text': 'https://t.co/k0SF9hprYm : 49dcf2c4-9292-4ca6-8d74-e3b3f86be4fd'}
[36mhub              |[0m [Twitter] | 18-03-2021; 03:16:04 | {'id': '1372386253061173248', 'text': '#Bustle #skirt #vegan #leather and #velvet skirt #metallic #blue #handmade #indiedesigner #clothing #gothic #dieselpunk #BladeRunner https://t.co/7HOlyj3TOb via @Etsy'}
[36mhub              |[0m [Twitter] | 18-03-2021; 03:16:18 | {'id': '1372386309147217922', 'text': 'RT @ByTheShoreArt: Gorgeous, Vince Camuto vegan leather gold Double Pyramid stud magnetic closure bracelet with safety. https://t.co/MQV8La‚Ä¶'}
[36mhub              |[0m [Twitter] | 18-03-2021; 03:16:31 | {'id': '1372386362373111809', 'text': 'RT @VogueRunway: .@StellaMcCartney has introduced her first garments made of Mylo, a "leather" alternative that can grow in about two weeks‚Ä¶'}
[36mhub              |[0m [Twitter] | 18-03-2021; 03:17:18 | {'id': '1372386562252496897', 'text': "You know what I'm gonna do it.\n\nWhen I get Animal Crossing, I'm naming my island L'Manberg and I'm gonna make it in Animal Crossing.\n\nI'm gonna make the residents wear uniforms.\n\nI'm gonna make a flag somehow.\n\nI'm gonna do it lol"}
[36mhub              |[0m [Twitter] | 18-03-2021; 03:19:25 | {'id': '1372387095008866311', 'text': 'Stella McCartney is the first luxury house in the world to launch garments made from Bolt Threads‚Äô vegan alternative to leather\n\n#sustainablefashion\n#savetheplanet\n\n@MrsPress #WardrobeCrisis \n\nhttps://t.co/2N87onSxH5'}
[36mhub              |[0m [Twitter] | 18-03-2021; 03:22:22 | {'id': '1372387838558232576', 'text': 'https://t.co/k0SF9hprYm : 152c93c0-0306-4342-b1e9-9532fab36bea'}
[36mhub              |[0m [Twitter] | 18-03-2021; 03:23:32 | {'id': '1372388131060649985', 'text': 'Check out this listing I just added to my #Poshmark closet: Michael Kors Hanover Vegan Faux Leather Crossbody. https://t.co/LLQ1uYaYYl #shopmycloset @poshmarkapp'}
[36mhub              |[0m [Twitter] | 18-03-2021; 03:23:45 | {'id': '1372388184441688064', 'text': 'https://t.co/k0SF9hH3mW : 5a2cba27-ab64-4798-9f5b-c1b201ca1433'}
[36mhub              |[0m [Twitter] | 18-03-2021; 03:25:06 | {'id': '1372388525543424001', 'text': 'RT @VogueRunway: .@StellaMcCartney has introduced her first garments made of Mylo, a "leather" alternative that can grow in about two weeks‚Ä¶'}
[36mhub              |[0m [Twitter] | 18-03-2021; 03:27:25 | {'id': '1372389107972866054', 'text': 'tfw you order vegan food while wearing leather boots https://t.co/VUKKjL4fFp'}
[36mhub              |[0m [Twitter] | 18-03-2021; 03:27:43 | {'id': '1372389182367268870', 'text': 'https://t.co/k0SF9hH3mW : cec5d2d8-c217-4d1d-9afb-116c9b1c9b51'}
[36mhub              |[0m [Twitter] | 18-03-2021; 03:30:14 | {'id': '1372389817070260225', 'text': "APS T9 Smart Worker's Safety Shoe is made from synthetic leather and has flexible dual color PVC sole. It provides abrasion resistance and steel toe protection with shock absorbing property.\n\n#SafetyShoes #PPE #WorkBoots https://t.co/zwmgbImk7N https://t.co/3fev6Mtn6R"}
[36mhub              |[0m [Twitter] | 18-03-2021; 03:30:16 | {'id': '1372389824074817536', 'text': '#BeautyHealth #Makeup #MakeupBrushesTools Makeup Brushes Ammiy Makeup Brushes Sets Professional 18 Pcs Make up Brushes https://t.co/q5cxhsRQYJ https://t.co/yXBXZmW4Ud'}
[36mhub              |[0m [Twitter] | 18-03-2021; 03:30:26 | {'id': '1372389866097405958', 'text': 'https://t.co/k0SF9hprYm : 7d3cc49a-193b-4e9a-8e69-7b0a20d5d076'}
[36mhub              |[0m [Twitter] | 18-03-2021; 03:32:00 | {'id': '1372390260731224064', 'text': 'RT @PetaIndia: Cows, buffaloes and other animals used for leather are crammed into vehicles, and their throats are cut in view of other ani‚Ä¶'}
[36mhub              |[0m [Twitter] | 18-03-2021; 03:32:59 | {'id': '1372390508861878274', 'text': 'Check out this listing I just added to my #Poshmark closet: NWT Michael Kors Charlotte Vegan Faux Leather Tote. https://t.co/q4MHUjuFU9 #shopmycloset @poshmarkapp'}
[36mhub              |[0m [Twitter] | 18-03-2021; 03:34:19 | {'id': '1372390842573393922', 'text': "RT @GoSleepBelall: Guys, I've initiated a business regarding Leather Shoes and need some real validation. üíú  would mean the world if you co‚Ä¶"}
[36mhub              |[0m [Twitter] | 18-03-2021; 03:35:54 | {'id': '1372391242529705985', 'text': 'y‚Äôall know those furries that‚Äôd wear animal ears in hs ? Now that I have elf ears I understand why the word them to school'}
[36mhub              |[0m [Twitter] | 18-03-2021; 03:37:19 | {'id': '1372391600542785536', 'text': "RT @HatebitX: I'm a simple person. I see @redrabbu wear animal print, I draw her as Catra. https://t.co/s2l3Ua6ZDF"}
[36mhub              |[0m [Twitter] | 18-03-2021; 03:37:22 | {'id': '1372391613360599043', 'text': 'https://t.co/k0SF9hprYm : dc86dc96-ebf4-4301-9e51-7bb2dcc014eb'}
[36mhub              |[0m [Twitter] | 18-03-2021; 03:38:45 | {'id': '1372391961513099266', 'text': 'https://t.co/k0SF9hH3mW : b9f6f1fe-491d-4207-8e3a-ac8a68fee87a'}
[36mhub              |[0m [Twitter] | 18-03-2021; 03:39:15 | {'id': '1372392087253970945', 'text': "@sebzgd @BadBunnyTwitch I'm so sorry sheep, but apparently the only way to make a bed is via wool. I'm so sorry cow, but the only way to make a book is via leather. If only we lived in a world, where we didn't require animal products, and alternatives existed. ü§∑\u200d‚ôÄÔ∏è"}
[36mhub              |[0m [Twitter] | 18-03-2021; 03:39:48 | {'id': '1372392225972314112', 'text': '@sabinespocket That‚Äôs how you wear down a path in older Animal Crossing games!'}
[36mhub              |[0m [Twitter] | 18-03-2021; 03:40:57 | {'id': '1372392512371916800', 'text': 'Check out this listing I just added to my #Poshmark closet: üå∏NEW SPRINGüå∏Black Vegan Leather Buckle Belt-Gold. https://t.co/a6lVexmjZp #shopmycloset @poshmarkapp'}
[36mhub              |[0m [Twitter] | 18-03-2021; 03:41:01 | {'id': '1372392529371537408', 'text': '2018 Toyota GD6 Fortuner 2.4 SUV 40,000km 7Seater\nManual Leather Seats, Diesel Engine, Tow Bar Well Maintained WHITE\n\nNOW @399,900 WAS @R430,000 Bank Finance Yes! No Deposit!\n\n#WhatsApp 074 | 095 | 6652 #Strictly #Business You are only one #Phone Call away from your #Dream #Car https://t.co/7yK5zqGCZ1'}
[36mhub              |[0m [Twitter] | 18-03-2021; 03:41:04 | {'id': '1372392542000517127', 'text': '2018 Toyota GD6 Fortuner 2.4 SUV 40,000km 7Seater\nManual Leather Seats, Diesel Engine, Tow Bar Well Maintained WHITE\n\nNOW @399,900 WAS @R430,000 Bank Finance Yes! No Deposit!\n\n#WhatsApp 074 | 095 | 6652 #Strictly #Business You are only one #Phone Call away from your #Dream #Car https://t.co/5LrASR9cyw'}
[36mhub              |[0m [Twitter] | 18-03-2021; 03:42:03 | {'id': '1372392788562640901', 'text': "So today I had a vegan come into my dms and try call me out for using the huru from ALREADY DEAD manu. Talking about how my taonga are just 'fashion' and how it's disrespectful to the bird. Like gtfo with ur white vegan shit. I stand by everything I do, it's tika and it's MƒÅori."}
[36mhub              |[0m [Twitter] | 18-03-2021; 03:42:41 | {'id': '1372392949657505794', 'text': 'RT @LoloLuxuries: This is a vegan leather bag that will certainly make you the center of attention! It is a perfect fit for an anniversary‚Ä¶'}
[36mhub              |[0m [Twitter] | 18-03-2021; 03:42:44 | {'id': '1372392960965419008', 'text': 'https://t.co/k0SF9hH3mW : 4f352f44-a37c-4fb4-9bea-1cece0ea52fe'}
[36mhub              |[0m [Twitter] | 18-03-2021; 03:43:42 | {'id': '1372393203215736834', 'text': 'https://t.co/ADE53HPeYj HotCougarApril: ...AMERIC AN MILF...36DD NATURAL TITS, SPH, CUCKHOLD, ROUND ASS, LIVE WEBCAM SEX, LEATHER, PANTYHOSE, SEXY FEET, LINGERIE, JOI, CEI, MISTRESS, HEELS, DIRTY TALK, TABOO, ROLE-PLAY,***FREE‚Ä¶ https://t.co/cF6y38NnKN fuck my cunt on cam'}
[36mhub              |[0m [Twitter] | 18-03-2021; 03:43:51 | {'id': '1372393241719443460', 'text': 'RT @nope_thank_u: So today I had a vegan come into my dms and try call me out for using the huru from ALREADY DEAD manu. Talking about how‚Ä¶'}
[36mhub              |[0m [Twitter] | 18-03-2021; 03:45:15 | {'id': '1372393596821905412', 'text': 'https://t.co/k0SF9hH3mW : 122fecd3-d75d-48a8-a050-5129bbaa5ef1'}
[36mhub              |[0m [Twitter] | 18-03-2021; 03:45:35 | {'id': '1372393679709691904', 'text': "RT @GoSleepBelall: Guys, I've initiated a business regarding Leather Shoes and need some real validation. üíú  would mean the world if you co‚Ä¶"}
[36mhub              |[0m [Twitter] | 18-03-2021; 03:45:49 | {'id': '1372393736622145536', 'text': 'RT @andadabrand: #Bustle #skirt #vegan #leather and #velvet skirt #metallic #blue #handmade #indiedesigner #clothing #gothic #dieselpunk #B‚Ä¶'}
[36mhub              |[0m [Twitter] | 18-03-2021; 03:45:54 | {'id': '1372393759845933057', 'text': 'These are the types of vegans you find in ecofascist nazi circles https://t.co/XDFF939Nl0'}
[36mhub              |[0m [Twitter] | 18-03-2021; 03:47:52 | {'id': '1372394254559932417', 'text': "@nope_thank_u I'm (ostro)vegan and I don't really see an issue with using huru if the animal is already dead. To me it's the moral equivalent of eating roadkill or using old pre-worn leather clothing."}
[36mhub              |[0m [Twitter] | 18-03-2021; 03:48:40 | {'id': '1372394455173451776', 'text': 'RT @nope_thank_u: So today I had a vegan come into my dms and try call me out for using the huru from ALREADY DEAD manu. Talking about how‚Ä¶'}
[36mhub              |[0m [Twitter] | 18-03-2021; 03:51:58 | {'id': '1372395285125550082', 'text': 'https://t.co/k0SF9hprYm : a05d567c-a026-45d1-898b-5815d9c669b8'}
[36mhub              |[0m [Twitter] | 18-03-2021; 03:53:45 | {'id': '1372395734310473728', 'text': 'https://t.co/k0SF9hH3mW : 09f8aeac-3762-4836-85ba-adc4170c691c'}
[36mhub              |[0m [Twitter] | 18-03-2021; 03:54:36 | {'id': '1372395949209755652', 'text': "RT @TheDuncanDog: I am happy to wear GREEN today, especially when it is my @Morris_Animal bandana! Since I was a puppy, I've been one of #3‚Ä¶"}
[36mhub              |[0m [Twitter] | 18-03-2021; 03:54:58 | {'id': '1372396040972771328', 'text': 'RT @nope_thank_u: So today I had a vegan come into my dms and try call me out for using the huru from ALREADY DEAD manu. Talking about how‚Ä¶'}
[36mhub              |[0m [Twitter] | 18-03-2021; 03:55:51 | {'id': '1372396260934574081', 'text': "WESTAL Messenger Bag Men's Shoulder Genuine Leather bags Flap Small male man Crossbody bags for men natural Leather bag M701 \n‚û§ $ 29.84. \n‚û§ https://t.co/jhz6Soe1c5\n#leatherjacket #streetwear https://t.co/7WPFxCCOjA"}
[36mhub              |[0m [Twitter] | 18-03-2021; 03:57:43 | {'id': '1372396731049082883', 'text': 'https://t.co/k0SF9hH3mW : b67cec21-4ef6-4545-a355-e819a1d09bbd'}
[36mhub              |[0m [Twitter] | 18-03-2021; 03:59:06 | {'id': '1372397080573005829', 'text': '@C_M_Greer It‚Äôs not about getting thirsty or a little Hungry, it‚Äôs that dogs can‚Äôt sweat and need to stop and pant to lower their body temperature.\n\nAlong with running on concrete/asphalt for extended periods of time isn‚Äôt good for any animal, which is why we wear running shoes with padding'}
[36mhub              |[0m [Twitter] | 18-03-2021; 04:00:13 | {'id': '1372397362505641985', 'text': 'https://t.co/k0SF9hprYm : 8584512d-7480-460c-828b-37debbb56705'}
[36mhub              |[0m [Twitter] | 18-03-2021; 04:00:18 | {'id': '1372397382625751049', 'text': '#ICYMI: EcoLux‚òÜLifestyle: M!LA in Chinatown Offers the World with Plantbased Menu  | https://t.co/TwJGYPVzAT.  ‚òÜ #vegan #savetheplanet #westcoast #lifestyle #fashion #vancouver #yvrlifestylert #plantbased #designer'}
[36mhub              |[0m [Twitter] | 18-03-2021; 04:04:44 | {'id': '1372398500776923136', 'text': 'RT @EcoLux_Life: #ICYMI: EcoLux‚òÜLifestyle: M!LA in Chinatown Offers the World with Plantbased Menu  | https://t.co/TwJGYPVzAT.  ‚òÜ #vegan #s‚Ä¶'}
[36mhub              |[0m [Twitter] | 18-03-2021; 04:06:59 | {'id': '1372399066286485508', 'text': 'https://t.co/k0SF9hprYm : 5a57a285-437e-44fd-8fe5-f949bcab33b9'}
[36mhub              |[0m [Twitter] | 18-03-2021; 04:08:45 | {'id': '1372399508903038981', 'text': 'https://t.co/k0SF9hH3mW : a0c28b50-a475-4be2-b5aa-e0039b92759d'}
[36mhub              |[0m [Twitter] | 18-03-2021; 04:08:45 | {'id': '1372399508726816770', 'text': 'RT @nope_thank_u: So today I had a vegan come into my dms and try call me out for using the huru from ALREADY DEAD manu. Talking about how‚Ä¶'}
[36mhub              |[0m [Twitter] | 18-03-2021; 04:10:37 | {'id': '1372399979717783553', 'text': 'An Austrian court has found it legal for an animal rights protester to wear a cow mask despite a ban on  face coverings, in a "freedom of expression" decision hailed by activists.\nhttps://t.co/kZp5uGMh7I\n#AbogadoNews'}
[36mhub              |[0m [Twitter] | 18-03-2021; 04:10:37 | {'id': '1372399980036513796', 'text': 'Check out this listing I just added to my #Poshmark closet: Style &amp; Co Vegan Leather Evening Clutch Bag. https://t.co/S1PuSdpQPN #shopmycloset @poshmarkapp'}
[36mhub              |[0m [Twitter] | 18-03-2021; 04:12:43 | {'id': '1372400506866429954', 'text': 'https://t.co/k0SF9hH3mW : 9a4ba7ed-68c8-4d34-9764-246a28021147'}
[36mhub              |[0m [Twitter] | 18-03-2021; 04:12:51 | {'id': '1372400540928389122', 'text': 'RT @mill123and: Stella McCartney is the first luxury house in the world to launch garments made from Bolt Threads‚Äô vegan alternative to lea‚Ä¶'}
[36mhub              |[0m [Twitter] | 18-03-2021; 04:12:59 | {'id': '1372400575573278721', 'text': 'RT @EcoLux_Life: #ICYMI: EcoLux‚òÜLifestyle: M!LA in Chinatown Offers the World with Plantbased Menu  | https://t.co/TwJGYPVzAT.  ‚òÜ #vegan #s‚Ä¶'}
[36mhub              |[0m Traceback (most recent call last):
[36mhub              |[0m   File "/usr/local/lib/python3.9/site-packages/urllib3/response.py", line 697, in _update_chunk_length
[36mhub              |[0m     self.chunk_left = int(line, 16)
[36mhub              |[0m ValueError: invalid literal for int() with base 16: b''
[36mhub              |[0m 
[36mhub              |[0m During handling of the above exception, another exception occurred:
[36mhub              |[0m 
[36mhub              |[0m Traceback (most recent call last):
[36mhub              |[0m   File "/usr/local/lib/python3.9/site-packages/urllib3/response.py", line 438, in _error_catcher
[36mhub              |[0m     yield
[36mhub              |[0m   File "/usr/local/lib/python3.9/site-packages/urllib3/response.py", line 764, in read_chunked
[36mhub              |[0m     self._update_chunk_length()
[36mhub              |[0m   File "/usr/local/lib/python3.9/site-packages/urllib3/response.py", line 701, in _update_chunk_length
[36mhub              |[0m     raise InvalidChunkLength(self, line)
[36mhub              |[0m urllib3.exceptions.InvalidChunkLength: InvalidChunkLength(got length b'', 0 bytes read)
[36mhub              |[0m 
[36mhub              |[0m During handling of the above exception, another exception occurred:
[36mhub              |[0m 
[36mhub              |[0m Traceback (most recent call last):
[36mhub              |[0m   File "/usr/local/lib/python3.9/site-packages/requests/models.py", line 753, in generate
[36mhub              |[0m     for chunk in self.raw.stream(chunk_size, decode_content=True):
[36mhub              |[0m   File "/usr/local/lib/python3.9/site-packages/urllib3/response.py", line 572, in stream
[36mhub              |[0m     for line in self.read_chunked(amt, decode_content=decode_content):
[36mhub              |[0m   File "/usr/local/lib/python3.9/site-packages/urllib3/response.py", line 793, in read_chunked
[36mhub              |[0m     self._original_response.close()
[36mhub              |[0m   File "/usr/local/lib/python3.9/contextlib.py", line 135, in __exit__
[36mhub              |[0m     self.gen.throw(type, value, traceback)
[36mhub              |[0m   File "/usr/local/lib/python3.9/site-packages/urllib3/response.py", line 455, in _error_catcher
[36mhub              |[0m     raise ProtocolError("Connection broken: %r" % e, e)
[36mhub              |[0m urllib3.exceptions.ProtocolError: ("Connection broken: InvalidChunkLength(got length b'', 0 bytes read)", InvalidChunkLength(got length b'', 0 bytes read))
[36mhub              |[0m 
[36mhub              |[0m During handling of the above exception, another exception occurred:
[36mhub              |[0m 
[36mhub              |[0m Traceback (most recent call last):
[36mhub              |[0m   File "/usr/src/dataminer/twitter/twitter.py", line 37, in run
[36mhub              |[0m     streamer.get_stream(headers, set)
[36mhub              |[0m   File "/usr/src/dataminer/twitter/filtered_stream.py", line 98, in get_stream
[36mhub              |[0m     for response_line in response.iter_lines():
[36mhub              |[0m   File "/usr/local/lib/python3.9/site-packages/requests/models.py", line 797, in iter_lines
[36mhub              |[0m     for chunk in self.iter_content(chunk_size=chunk_size, decode_unicode=decode_unicode):
[36mhub              |[0m   File "/usr/local/lib/python3.9/site-packages/requests/models.py", line 756, in generate
[36mhub              |[0m     raise ChunkedEncodingError(e)
[36mhub              |[0m requests.exceptions.ChunkedEncodingError: ("Connection broken: InvalidChunkLength(got length b'', 0 bytes read)", InvalidChunkLength(got length b'', 0 bytes read))
[36mhub              |[0m 
[36mhub              |[0m [Twitter] | 18-03-2021; 04:15:54 | Receiving the stream 
[36mhub              |[0m Traceback (most recent call last):
[36mhub              |[0m   File "/usr/local/lib/python3.9/site-packages/urllib3/connection.py", line 169, in _new_conn
[36mhub              |[0m     conn = connection.create_connection(
[36mhub              |[0m   File "/usr/local/lib/python3.9/site-packages/urllib3/util/connection.py", line 73, in create_connection
[36mhub              |[0m     for res in socket.getaddrinfo(host, port, family, socket.SOCK_STREAM):
[36mhub              |[0m   File "/usr/local/lib/python3.9/socket.py", line 953, in getaddrinfo
[36mhub              |[0m     for res in _socket.getaddrinfo(host, port, family, type, proto, flags):
[36mhub              |[0m socket.gaierror: [Errno -2] Name or service not known
[36mhub              |[0m 
[36mhub              |[0m During handling of the above exception, another exception occurred:
[36mhub              |[0m 
[36mhub              |[0m Traceback (most recent call last):
[36mhub              |[0m   File "/usr/local/lib/python3.9/site-packages/urllib3/connectionpool.py", line 699, in urlopen
[36mhub              |[0m     httplib_response = self._make_request(
[36mhub              |[0m   File "/usr/local/lib/python3.9/site-packages/urllib3/connectionpool.py", line 382, in _make_request
[36mhub              |[0m     self._validate_conn(conn)
[36mhub              |[0m   File "/usr/local/lib/python3.9/site-packages/urllib3/connectionpool.py", line 1010, in _validate_conn
[36mhub              |[0m     conn.connect()
[36mhub              |[0m   File "/usr/local/lib/python3.9/site-packages/urllib3/connection.py", line 353, in connect
[36mhub              |[0m     conn = self._new_conn()
[36mhub              |[0m   File "/usr/local/lib/python3.9/site-packages/urllib3/connection.py", line 181, in _new_conn
[36mhub              |[0m     raise NewConnectionError(
[36mhub              |[0m urllib3.exceptions.NewConnectionError: <urllib3.connection.HTTPSConnection object at 0x7fce24456550>: Failed to establish a new connection: [Errno -2] Name or service not known
[36mhub              |[0m 
[36mhub              |[0m During handling of the above exception, another exception occurred:
[36mhub              |[0m 
[36mhub              |[0m Traceback (most recent call last):
[36mhub              |[0m   File "/usr/local/lib/python3.9/site-packages/requests/adapters.py", line 439, in send
[36mhub              |[0m     resp = conn.urlopen(
[36mhub              |[0m   File "/usr/local/lib/python3.9/site-packages/urllib3/connectionpool.py", line 755, in urlopen
[36mhub              |[0m     retries = retries.increment(
[36mhub              |[0m   File "/usr/local/lib/python3.9/site-packages/urllib3/util/retry.py", line 573, in increment
[36mhub              |[0m     raise MaxRetryError(_pool, url, error or ResponseError(cause))
[36mhub              |[0m urllib3.exceptions.MaxRetryError: HTTPSConnectionPool(host='api.twitter.com', port=443): Max retries exceeded with url: /2/tweets/search/stream (Caused by NewConnectionError('<urllib3.connection.HTTPSConnection object at 0x7fce24456550>: Failed to establish a new connection: [Errno -2] Name or service not known'))
[36mhub              |[0m 
[36mhub              |[0m During handling of the above exception, another exception occurred:
[36mhub              |[0m 
[36mhub              |[0m Traceback (most recent call last):
[36mhub              |[0m   File "/usr/src/dataminer/twitter/twitter.py", line 37, in run
[36mhub              |[0m     streamer.get_stream(headers, set)
[36mhub              |[0m   File "/usr/src/dataminer/twitter/filtered_stream.py", line 89, in get_stream
[36mhub              |[0m     response = requests.get(
[36mhub              |[0m   File "/usr/local/lib/python3.9/site-packages/requests/api.py", line 76, in get
[36mhub              |[0m     return request('get', url, params=params, **kwargs)
[36mhub              |[0m   File "/usr/local/lib/python3.9/site-packages/requests/api.py", line 61, in request
[36mhub              |[0m     return session.request(method=method, url=url, **kwargs)
[36mhub              |[0m   File "/usr/local/lib/python3.9/site-packages/requests/sessions.py", line 542, in request
[36mhub              |[0m     resp = self.send(prep, **send_kwargs)
[36mhub              |[0m   File "/usr/local/lib/python3.9/site-packages/requests/sessions.py", line 655, in send
[36mhub              |[0m     r = adapter.send(request, **kwargs)
[36mhub              |[0m   File "/usr/local/lib/python3.9/site-packages/requests/adapters.py", line 516, in send
[36mhub              |[0m     raise ConnectionError(e, request=request)
[36mhub              |[0m requests.exceptions.ConnectionError: HTTPSConnectionPool(host='api.twitter.com', port=443): Max retries exceeded with url: /2/tweets/search/stream (Caused by NewConnectionError('<urllib3.connection.HTTPSConnection object at 0x7fce24456550>: Failed to establish a new connection: [Errno -2] Name or service not known'))
[36mhub              |[0m 
[36mhub              |[0m [Twitter] | 18-03-2021; 04:16:54 | Receiving the stream 
[36mhub              |[0m Traceback (most recent call last):
[36mhub              |[0m   File "/usr/local/lib/python3.9/site-packages/urllib3/connection.py", line 169, in _new_conn
[36mhub              |[0m     conn = connection.create_connection(
[36mhub              |[0m   File "/usr/local/lib/python3.9/site-packages/urllib3/util/connection.py", line 73, in create_connection
[36mhub              |[0m     for res in socket.getaddrinfo(host, port, family, socket.SOCK_STREAM):
[36mhub              |[0m   File "/usr/local/lib/python3.9/socket.py", line 953, in getaddrinfo
[36mhub              |[0m     for res in _socket.getaddrinfo(host, port, family, type, proto, flags):
[36mhub              |[0m socket.gaierror: [Errno -2] Name or service not known
[36mhub              |[0m 
[36mhub              |[0m During handling of the above exception, another exception occurred:
[36mhub              |[0m 
[36mhub              |[0m Traceback (most recent call last):
[36mhub              |[0m   File "/usr/local/lib/python3.9/site-packages/urllib3/connectionpool.py", line 699, in urlopen
[36mhub              |[0m     httplib_response = self._make_request(
[36mhub              |[0m   File "/usr/local/lib/python3.9/site-packages/urllib3/connectionpool.py", line 382, in _make_request
[36mhub              |[0m     self._validate_conn(conn)
[36mhub              |[0m   File "/usr/local/lib/python3.9/site-packages/urllib3/connectionpool.py", line 1010, in _validate_conn
[36mhub              |[0m     conn.connect()
[36mhub              |[0m   File "/usr/local/lib/python3.9/site-packages/urllib3/connection.py", line 353, in connect
[36mhub              |[0m     conn = self._new_conn()
[36mhub              |[0m   File "/usr/local/lib/python3.9/site-packages/urllib3/connection.py", line 181, in _new_conn
[36mhub              |[0m     raise NewConnectionError(
[36mhub              |[0m urllib3.exceptions.NewConnectionError: <urllib3.connection.HTTPSConnection object at 0x7fce24456d60>: Failed to establish a new connection: [Errno -2] Name or service not known
[36mhub              |[0m 
[36mhub              |[0m During handling of the above exception, another exception occurred:
[36mhub              |[0m 
[36mhub              |[0m Traceback (most recent call last):
[36mhub              |[0m   File "/usr/local/lib/python3.9/site-packages/requests/adapters.py", line 439, in send
[36mhub              |[0m     resp = conn.urlopen(
[36mhub              |[0m   File "/usr/local/lib/python3.9/site-packages/urllib3/connectionpool.py", line 755, in urlopen
[36mhub              |[0m     retries = retries.increment(
[36mhub              |[0m   File "/usr/local/lib/python3.9/site-packages/urllib3/util/retry.py", line 573, in increment
[36mhub              |[0m     raise MaxRetryError(_pool, url, error or ResponseError(cause))
[36mhub              |[0m urllib3.exceptions.MaxRetryError: HTTPSConnectionPool(host='api.twitter.com', port=443): Max retries exceeded with url: /2/tweets/search/stream (Caused by NewConnectionError('<urllib3.connection.HTTPSConnection object at 0x7fce24456d60>: Failed to establish a new connection: [Errno -2] Name or service not known'))
[36mhub              |[0m 
[36mhub              |[0m During handling of the above exception, another exception occurred:
[36mhub              |[0m 
[36mhub              |[0m Traceback (most recent call last):
[36mhub              |[0m   File "/usr/src/dataminer/twitter/twitter.py", line 37, in run
[36mhub              |[0m     streamer.get_stream(headers, set)
[36mhub              |[0m   File "/usr/src/dataminer/twitter/filtered_stream.py", line 89, in get_stream
[36mhub              |[0m     response = requests.get(
[36mhub              |[0m   File "/usr/local/lib/python3.9/site-packages/requests/api.py", line 76, in get
[36mhub              |[0m     return request('get', url, params=params, **kwargs)
[36mhub              |[0m   File "/usr/local/lib/python3.9/site-packages/requests/api.py", line 61, in request
[36mhub              |[0m     return session.request(method=method, url=url, **kwargs)
[36mhub              |[0m   File "/usr/local/lib/python3.9/site-packages/requests/sessions.py", line 542, in request
[36mhub              |[0m     resp = self.send(prep, **send_kwargs)
[36mhub              |[0m   File "/usr/local/lib/python3.9/site-packages/requests/sessions.py", line 655, in send
[36mhub              |[0m     r = adapter.send(request, **kwargs)
[36mhub              |[0m   File "/usr/local/lib/python3.9/site-packages/requests/adapters.py", line 516, in send
[36mhub              |[0m     raise ConnectionError(e, request=request)
[36mhub              |[0m requests.exceptions.ConnectionError: HTTPSConnectionPool(host='api.twitter.com', port=443): Max retries exceeded with url: /2/tweets/search/stream (Caused by NewConnectionError('<urllib3.connection.HTTPSConnection object at 0x7fce24456d60>: Failed to establish a new connection: [Errno -2] Name or service not known'))
[36mhub              |[0m 
[36mhub              |[0m [Twitter] | 18-03-2021; 04:17:54 | Receiving the stream 
[36mhub              |[0m Traceback (most recent call last):
[36mhub              |[0m   File "/usr/local/lib/python3.9/site-packages/urllib3/connectionpool.py", line 699, in urlopen
[36mhub              |[0m     httplib_response = self._make_request(
[36mhub              |[0m   File "/usr/local/lib/python3.9/site-packages/urllib3/connectionpool.py", line 382, in _make_request
[36mhub              |[0m     self._validate_conn(conn)
[36mhub              |[0m   File "/usr/local/lib/python3.9/site-packages/urllib3/connectionpool.py", line 1010, in _validate_conn
[36mhub              |[0m     conn.connect()
[36mhub              |[0m   File "/usr/local/lib/python3.9/site-packages/urllib3/connection.py", line 411, in connect
[36mhub              |[0m     self.sock = ssl_wrap_socket(
[36mhub              |[0m   File "/usr/local/lib/python3.9/site-packages/urllib3/util/ssl_.py", line 428, in ssl_wrap_socket
[36mhub              |[0m     ssl_sock = _ssl_wrap_socket_impl(
[36mhub              |[0m   File "/usr/local/lib/python3.9/site-packages/urllib3/util/ssl_.py", line 472, in _ssl_wrap_socket_impl
[36mhub              |[0m     return ssl_context.wrap_socket(sock, server_hostname=server_hostname)
[36mhub              |[0m   File "/usr/local/lib/python3.9/ssl.py", line 500, in wrap_socket
[36mhub              |[0m     return self.sslsocket_class._create(
[36mhub              |[0m   File "/usr/local/lib/python3.9/ssl.py", line 1040, in _create
[36mhub              |[0m     self.do_handshake()
[36mhub              |[0m   File "/usr/local/lib/python3.9/ssl.py", line 1309, in do_handshake
[36mhub              |[0m     self._sslobj.do_handshake()
[36mhub              |[0m ssl.SSLEOFError: EOF occurred in violation of protocol (_ssl.c:1123)
[36mhub              |[0m 
[36mhub              |[0m During handling of the above exception, another exception occurred:
[36mhub              |[0m 
[36mhub              |[0m Traceback (most recent call last):
[36mhub              |[0m   File "/usr/local/lib/python3.9/site-packages/requests/adapters.py", line 439, in send
[36mhub              |[0m     resp = conn.urlopen(
[36mhub              |[0m   File "/usr/local/lib/python3.9/site-packages/urllib3/connectionpool.py", line 755, in urlopen
[36mhub              |[0m     retries = retries.increment(
[36mhub              |[0m   File "/usr/local/lib/python3.9/site-packages/urllib3/util/retry.py", line 573, in increment
[36mhub              |[0m     raise MaxRetryError(_pool, url, error or ResponseError(cause))
[36mhub              |[0m urllib3.exceptions.MaxRetryError: HTTPSConnectionPool(host='api.twitter.com', port=443): Max retries exceeded with url: /2/tweets/search/stream (Caused by SSLError(SSLEOFError(8, 'EOF occurred in violation of protocol (_ssl.c:1123)')))
[36mhub              |[0m 
[36mhub              |[0m During handling of the above exception, another exception occurred:
[36mhub              |[0m 
[36mhub              |[0m Traceback (most recent call last):
[36mhub              |[0m   File "/usr/src/dataminer/twitter/twitter.py", line 37, in run
[36mhub              |[0m     streamer.get_stream(headers, set)
[36mhub              |[0m   File "/usr/src/dataminer/twitter/filtered_stream.py", line 89, in get_stream
[36mhub              |[0m     response = requests.get(
[36mhub              |[0m   File "/usr/local/lib/python3.9/site-packages/requests/api.py", line 76, in get
[36mhub              |[0m     return request('get', url, params=params, **kwargs)
[36mhub              |[0m   File "/usr/local/lib/python3.9/site-packages/requests/api.py", line 61, in request
[36mhub              |[0m     return session.request(method=method, url=url, **kwargs)
[36mhub              |[0m   File "/usr/local/lib/python3.9/site-packages/requests/sessions.py", line 542, in request
[36mhub              |[0m     resp = self.send(prep, **send_kwargs)
[36mhub              |[0m   File "/usr/local/lib/python3.9/site-packages/requests/sessions.py", line 655, in send
[36mhub              |[0m     r = adapter.send(request, **kwargs)
[36mhub              |[0m   File "/usr/local/lib/python3.9/site-packages/requests/adapters.py", line 514, in send
[36mhub              |[0m     raise SSLError(e, request=request)
[36mhub              |[0m requests.exceptions.SSLError: HTTPSConnectionPool(host='api.twitter.com', port=443): Max retries exceeded with url: /2/tweets/search/stream (Caused by SSLError(SSLEOFError(8, 'EOF occurred in violation of protocol (_ssl.c:1123)')))
[36mhub              |[0m 
[36mhub              |[0m [Twitter] | 18-03-2021; 04:19:05 | Receiving the stream 
[36mhub              |[0m Traceback (most recent call last):
[36mhub              |[0m   File "/usr/src/dataminer/twitter/twitter.py", line 37, in run
[36mhub              |[0m     streamer.get_stream(headers, set)
[36mhub              |[0m   File "/usr/src/dataminer/twitter/filtered_stream.py", line 93, in get_stream
[36mhub              |[0m     raise Exception(
[36mhub              |[0m Exception: Cannot get stream (HTTP 429): {"title":"ConnectionException","detail":"This stream is currently at the maximum allowed connection limit.","connection_issue":"TooManyConnections","type":"https://api.twitter.com/2/problems/streaming-connection"}
[36mhub              |[0m 
[36mhub              |[0m [Twitter] | 18-03-2021; 04:20:06 | Receiving the stream 
[36mhub              |[0m Traceback (most recent call last):
[36mhub              |[0m   File "/usr/src/dataminer/twitter/twitter.py", line 37, in run
[36mhub              |[0m     streamer.get_stream(headers, set)
[36mhub              |[0m   File "/usr/src/dataminer/twitter/filtered_stream.py", line 93, in get_stream
[36mhub              |[0m     raise Exception(
[36mhub              |[0m Exception: Cannot get stream (HTTP 429): {"title":"ConnectionException","detail":"This stream is currently at the maximum allowed connection limit.","connection_issue":"TooManyConnections","type":"https://api.twitter.com/2/problems/streaming-connection"}
[36mhub              |[0m 
[36mhub              |[0m [Twitter] | 18-03-2021; 04:21:07 | Receiving the stream 
[36mhub              |[0m Traceback (most recent call last):
[36mhub              |[0m   File "/usr/src/dataminer/twitter/twitter.py", line 37, in run
[36mhub              |[0m     streamer.get_stream(headers, set)
[36mhub              |[0m   File "/usr/src/dataminer/twitter/filtered_stream.py", line 93, in get_stream
[36mhub              |[0m     raise Exception(
[36mhub              |[0m Exception: Cannot get stream (HTTP 429): {"title":"ConnectionException","detail":"This stream is currently at the maximum allowed connection limit.","connection_issue":"TooManyConnections","type":"https://api.twitter.com/2/problems/streaming-connection"}
[36mhub              |[0m 
[36mhub              |[0m [Twitter] | 18-03-2021; 04:22:07 | Receiving the stream 
[36mhub              |[0m Traceback (most recent call last):
[36mhub              |[0m   File "/usr/src/dataminer/twitter/twitter.py", line 37, in run
[36mhub              |[0m     streamer.get_stream(headers, set)
[36mhub              |[0m   File "/usr/src/dataminer/twitter/filtered_stream.py", line 93, in get_stream
[36mhub              |[0m     raise Exception(
[36mhub              |[0m Exception: Cannot get stream (HTTP 429): {"title":"ConnectionException","detail":"This stream is currently at the maximum allowed connection limit.","connection_issue":"TooManyConnections","type":"https://api.twitter.com/2/problems/streaming-connection"}
[36mhub              |[0m 
[36mhub              |[0m [Twitter] | 18-03-2021; 04:23:08 | Receiving the stream 
[36mhub              |[0m Traceback (most recent call last):
[36mhub              |[0m   File "/usr/src/dataminer/twitter/twitter.py", line 37, in run
[36mhub              |[0m     streamer.get_stream(headers, set)
[36mhub              |[0m   File "/usr/src/dataminer/twitter/filtered_stream.py", line 93, in get_stream
[36mhub              |[0m     raise Exception(
[36mhub              |[0m Exception: Cannot get stream (HTTP 429): {"title":"ConnectionException","detail":"This stream is currently at the maximum allowed connection limit.","connection_issue":"TooManyConnections","type":"https://api.twitter.com/2/problems/streaming-connection"}
[36mhub              |[0m 
[36mhub              |[0m [Twitter] | 18-03-2021; 04:24:08 | Receiving the stream 
[36mhub              |[0m Traceback (most recent call last):
[36mhub              |[0m   File "/usr/src/dataminer/twitter/twitter.py", line 37, in run
[36mhub              |[0m     streamer.get_stream(headers, set)
[36mhub              |[0m   File "/usr/src/dataminer/twitter/filtered_stream.py", line 93, in get_stream
[36mhub              |[0m     raise Exception(
[36mhub              |[0m Exception: Cannot get stream (HTTP 429): {"title":"ConnectionException","detail":"This stream is currently at the maximum allowed connection limit.","connection_issue":"TooManyConnections","type":"https://api.twitter.com/2/problems/streaming-connection"}
[36mhub              |[0m 
[36mhub              |[0m [Twitter] | 18-03-2021; 04:26:09 | Retrieving the rules
[36mhub              |[0m [Twitter] | 18-03-2021; 04:26:10 | Deleting the previously available rules
[36mhub              |[0m [Twitter] | 18-03-2021; 04:26:12 | Setting the new rules
[36mhub              |[0m [Twitter] | 18-03-2021; 04:26:12 | Receiving the stream 
[36mhub              |[0m Traceback (most recent call last):
[36mhub              |[0m   File "/usr/src/dataminer/twitter/twitter.py", line 37, in run
[36mhub              |[0m     streamer.get_stream(headers, set)
[36mhub              |[0m   File "/usr/src/dataminer/twitter/filtered_stream.py", line 93, in get_stream
[36mhub              |[0m     raise Exception(
[36mhub              |[0m Exception: Cannot get stream (HTTP 429): {"title":"ConnectionException","detail":"This stream is currently at the maximum allowed connection limit.","connection_issue":"TooManyConnections","type":"https://api.twitter.com/2/problems/streaming-connection"}
[36mhub              |[0m 
[36mhub              |[0m [Twitter] | 18-03-2021; 04:27:13 | Receiving the stream 
[36mhub              |[0m Traceback (most recent call last):
[36mhub              |[0m   File "/usr/src/dataminer/twitter/twitter.py", line 37, in run
[36mhub              |[0m     streamer.get_stream(headers, set)
[36mhub              |[0m   File "/usr/src/dataminer/twitter/filtered_stream.py", line 93, in get_stream
[36mhub              |[0m     raise Exception(
[36mhub              |[0m Exception: Cannot get stream (HTTP 429): {"title":"ConnectionException","detail":"This stream is currently at the maximum allowed connection limit.","connection_issue":"TooManyConnections","type":"https://api.twitter.com/2/problems/streaming-connection"}
[36mhub              |[0m 
[36mhub              |[0m [Twitter] | 18-03-2021; 04:28:13 | Receiving the stream 
[36mhub              |[0m Traceback (most recent call last):
[36mhub              |[0m   File "/usr/src/dataminer/twitter/twitter.py", line 37, in run
[36mhub              |[0m     streamer.get_stream(headers, set)
[36mhub              |[0m   File "/usr/src/dataminer/twitter/filtered_stream.py", line 93, in get_stream
[36mhub              |[0m     raise Exception(
[36mhub              |[0m Exception: Cannot get stream (HTTP 429): {"title":"ConnectionException","detail":"This stream is currently at the maximum allowed connection limit.","connection_issue":"TooManyConnections","type":"https://api.twitter.com/2/problems/streaming-connection"}
[36mhub              |[0m 
[36mhub              |[0m [Twitter] | 18-03-2021; 04:29:14 | Receiving the stream 
[36mhub              |[0m Traceback (most recent call last):
[36mhub              |[0m   File "/usr/src/dataminer/twitter/twitter.py", line 37, in run
[36mhub              |[0m     streamer.get_stream(headers, set)
[36mhub              |[0m   File "/usr/src/dataminer/twitter/filtered_stream.py", line 93, in get_stream
[36mhub              |[0m     raise Exception(
[36mhub              |[0m Exception: Cannot get stream (HTTP 429): {"title":"ConnectionException","detail":"This stream is currently at the maximum allowed connection limit.","connection_issue":"TooManyConnections","type":"https://api.twitter.com/2/problems/streaming-connection"}
[36mhub              |[0m 
[36mhub              |[0m [Twitter] | 18-03-2021; 04:30:14 | Receiving the stream 
[36mhub              |[0m Traceback (most recent call last):
[36mhub              |[0m   File "/usr/src/dataminer/twitter/twitter.py", line 37, in run
[36mhub              |[0m     streamer.get_stream(headers, set)
[36mhub              |[0m   File "/usr/src/dataminer/twitter/filtered_stream.py", line 93, in get_stream
[36mhub              |[0m     raise Exception(
[36mhub              |[0m Exception: Cannot get stream (HTTP 429): {"title":"ConnectionException","detail":"This stream is currently at the maximum allowed connection limit.","connection_issue":"TooManyConnections","type":"https://api.twitter.com/2/problems/streaming-connection"}
[36mhub              |[0m 
[36mhub              |[0m [Twitter] | 18-03-2021; 04:31:15 | Receiving the stream 
[36mhub              |[0m Traceback (most recent call last):
[36mhub              |[0m   File "/usr/src/dataminer/twitter/twitter.py", line 37, in run
[36mhub              |[0m     streamer.get_stream(headers, set)
[36mhub              |[0m   File "/usr/src/dataminer/twitter/filtered_stream.py", line 93, in get_stream
[36mhub              |[0m     raise Exception(
[36mhub              |[0m Exception: Cannot get stream (HTTP 429): {"title":"ConnectionException","detail":"This stream is currently at the maximum allowed connection limit.","connection_issue":"TooManyConnections","type":"https://api.twitter.com/2/problems/streaming-connection"}
[36mhub              |[0m 
[36mhub              |[0m [Twitter] | 18-03-2021; 04:32:15 | Receiving the stream 
[36mhub              |[0m [Twitter] | 18-03-2021; 04:33:34 | {'id': '1372405754167062529', 'text': 'A member joined our group in Oct 2020.  They had been fighting AF over the DuraBlend, being sold as real leather.  This member sued AF because of fraudulent business practices and misrepresenting the furniture that is something that it is not. To fight AF https://t.co/YOWcSkqAtD'}
[36mhub              |[0m [Twitter] | 18-03-2021; 04:34:29 | {'id': '1372405987001307140', 'text': 'RT @MeatsNext: „Åô„Åî„ÅÑ„Å™„ÅÅüò≥üò≥\n2021Âπ¥Êú´„Åæ„Åß„Å´Áô∫Â£≤‰∫àÂÆö„Å®„ÅÆ„Åì„Å®„Åß„Åôüå∏\n\n„Äé„Çπ„Çø„Éº„Éà„Ç¢„ÉÉ„Éó‰ºÅÊ•≠MycoWorks„ÅØ„ÄÅ„Ç®„É´„É°„Çπ„Å®ÂÖ±„Å´„Ç≠„Éé„Ç≥„ÇíÂéüÊñô„Å´„Åó„Åü„Éê„Ç§„Ç™Á¥†ÊùêÔΩ¢SylvaniaÔºà„Ç∑„É´„Éê„Éã„Ç¢ÔºâÔΩ£„ÇíÈñãÁô∫„ÄÇ„Åì„ÅÆÁ¥†Êùê„ÅØËèåÁ≥∏‰Ωì„Çí„É¨„Ç∂„Éº„ÅÆ„Çà„ÅÜ„Å´Âä†Â∑•„Åô„Çã„ÄÅFine Mycel‚Ä¶'}
[36mhub              |[0m [Twitter] | 18-03-2021; 04:35:40 | {'id': '1372406283186229254', 'text': '-- There were people in large anthropomorphic animal suits with jolly wide puppy eyes and high-quality fur.\n\nThey were dressing up as different animals such as dogs, cats and even wolves.... Some other people decided not to wear the hefty suits and instead wore --'}
[36mhub              |[0m [Twitter] | 18-03-2021; 04:36:08 | {'id': '1372406398961606657', 'text': '@ElisabethRob3 I take it back, their Twitter game is far from improvement. This is literally a onesie not a skinned animal, wow people are stupid. https://t.co/nAtz4YCgmu'}
[36mhub              |[0m [Twitter] | 18-03-2021; 04:36:46 | {'id': '1372406558483750914', 'text': '@Baylan295 @RMFifthCircuit @Unlearned_Hand The strands/park aves/fifth aves etc. are around $400 with leather sole and $425 with dainite. Seconds are good at around $300. Other problem is the 5/65 last is real narrow and low instepped. Some of the alternatives are a bit more "standard."'}
[36mhub              |[0m [Twitter] | 18-03-2021; 04:37:22 | {'id': '1372406712771043331', 'text': 'https://t.co/k0SF9hprYm : 161c4e3d-f391-448f-a12f-1522ce7de468'}
[36mhub              |[0m [Twitter] | 18-03-2021; 04:38:21 | {'id': '1372406960017047553', 'text': 'https://t.co/k0SF9hH3mW : af087c49-4b45-4ba3-9895-25d454581f63'}
[36mhub              |[0m [Twitter] | 18-03-2021; 04:40:59 | {'id': '1372407623149051908', 'text': "@rinmor .....you can still get infected, you can still infect others, you still have to social distance and wear a mask?\nMy problem:\n1. No animal trials (unheard of in manufac of vaccines)\n2. Total indemnity for the makers and governments - no liability whatsoever\n\nDoesn't sound right."}
[36mhub              |[0m [Twitter] | 18-03-2021; 04:42:23 | {'id': '1372407972962267136', 'text': 'Fintie Case for RCA 11 Del...\nhttps://t.co/j5NUwaVkgU'}
[36mhub              |[0m [Twitter] | 18-03-2021; 04:42:42 | {'id': '1372408053497221121', 'text': 'https://t.co/k0SF9hH3mW : 02a8098e-589c-4cc6-9bf3-c52ee09c88f5'}
[36mhub              |[0m [Twitter] | 18-03-2021; 04:45:35 | {'id': '1372408781032726535', 'text': 'https://t.co/k0SF9hprYm : f82efeb5-b3b1-4c29-b6e7-a66a61598ba0'}
[36mhub              |[0m [Twitter] | 18-03-2021; 04:48:01 | {'id': '1372409392591642624', 'text': 'RT @warukhouse: Mur ‡∏•‡∏î‡∏™‡∏π‡∏á‡∏™‡∏∏‡∏î 25% ü¶ã \n\n‡∏Å‡∏£‡∏∞‡πÄ‡∏õ‡πã‡∏≤‡πÅ‡∏ö‡∏£‡∏ô‡∏î‡πå‡∏ô‡∏µ‡πâ‡∏´‡∏ô‡∏±‡∏á‡∏ó‡∏≥‡∏°‡∏≤‡∏à‡∏≤‡∏Å Vegan Leather ‡∏Ñ‡∏∏‡∏ì‡∏†‡∏≤‡∏û‡∏™‡∏π‡∏á ‡∏Å‡∏£‡∏∞‡∏ö‡∏ß‡∏ô‡∏Å‡∏≤‡∏£‡∏ú‡∏•‡∏¥‡∏ï‡πÄ‡∏õ‡πá‡∏ô‡∏°‡∏¥‡∏ï‡∏£‡∏Å‡∏±‡∏ö‡∏™‡∏¥‡πà‡∏á‡πÅ‡∏ß‡∏î‡∏•‡πâ‡∏≠‡∏° \n\nüõí https://t.‚Ä¶'}
[36mhub              |[0m [Twitter] | 18-03-2021; 04:52:21 | {'id': '1372410482468876290', 'text': 'https://t.co/k0SF9hprYm : 27f1b308-6faf-49eb-9217-370ec3b40b3f'}
[36mhub              |[0m [Twitter] | 18-03-2021; 04:52:29 | {'id': '1372410514840510467', 'text': 'RT @nope_thank_u: So today I had a vegan come into my dms and try call me out for using the huru from ALREADY DEAD manu. Talking about how‚Ä¶'}
[36mhub              |[0m [Twitter] | 18-03-2021; 04:53:45 | {'id': '1372410834845057024', 'text': 'https://t.co/k0SF9hH3mW : 2d16a5d6-edf3-42da-96b6-ba7293fe184f'}
[36mhub              |[0m [Twitter] | 18-03-2021; 04:53:46 | {'id': '1372410838812827648', 'text': 'RT @nope_thank_u: So today I had a vegan come into my dms and try call me out for using the huru from ALREADY DEAD manu. Talking about how‚Ä¶'}
[36mhub              |[0m [Twitter] | 18-03-2021; 04:54:05 | {'id': '1372410918643011584', 'text': 'The irony of using a phone or laptop to call out use of huru as "fashion" in  the name of veganism.\nHope you ask for forgiveness everytime you touch that screen or charge that battery bud üôÑüòÇüòÇ https://t.co/O8yooFojps'}
[36mhub              |[0m [Twitter] | 18-03-2021; 04:57:42 | {'id': '1372411827603267588', 'text': 'https://t.co/k0SF9hH3mW : a6da402a-7f9b-4059-8c5a-242d423ec58f'}
[36mhub              |[0m [Twitter] | 18-03-2021; 04:58:04 | {'id': '1372411920049963011', 'text': "@WeekendInvestng @Bruno_Maaz Human's once wore animal skin (even now)... Not Human wear's another fellow Human!\n\nMan eat Man world!!"}
[36mhub              |[0m [Twitter] | 18-03-2021; 04:59:04 | {'id': '1372412171099860993', 'text': "@WeekendInvestng @Bruno_Maaz Human's once wore animal skin (even now)... Now, Human wear's another fellow Human!\n\nMan eat Man world!!\n\n:D"}
[36mhub              |[0m [Twitter] | 18-03-2021; 05:00:12 | {'id': '1372412457478721536', 'text': 'https://t.co/k0SF9hH3mW : 7efd2c1e-25c8-4779-826a-c860e0349df1'}
[36mhub              |[0m [Twitter] | 18-03-2021; 05:00:18 | {'id': '1372412483110117380', 'text': "Vegan Leather, the latest vogue, is the perfect example of modern #Luxury - creating a high-quality lifestyle while adhering to modern, sustainable values. It's fascinating seeing haute design aesthetics intact, while limiting the environmental burden. https://t.co/NNGpkdzKhu"}
[36mhub              |[0m [Twitter] | 18-03-2021; 05:01:52 | {'id': '1372412878406348804', 'text': '@MARCH_HXRE "We\'re probably gonna need escape ropes, burlap sacks to carry the loot in, diversions like firecrackers and smoke bombs in case we get caught, aaaaaand.... Gloves. Not leather ones because apparently they can track that because animal hides. Latex gloves."'}
[36mhub              |[0m [Twitter] | 18-03-2021; 05:01:54 | {'id': '1372412886035746821', 'text': 'This. This. This. This. This. https://t.co/sgUPuvUbBF'}
[36mhub              |[0m [Twitter] | 18-03-2021; 05:03:01 | {'id': '1372413165607251968', 'text': '@AAmirKh50764293 Except for 1 last door, the door 2 Hell! I refer 2 the ordeal animals in agriculture suffer which is comparable with Christs suffering:\nUS slaughterhouse worker reports cows still alive when skinned for meat &amp; leather.. \nUSA, UK, Australia - hens and pigs boiled alive.. Go vegan! https://t.co/kD9RdYXdj1'}
[36mhub              |[0m [Twitter] | 18-03-2021; 05:07:22 | {'id': '1372414259976499200', 'text': 'https://t.co/k0SF9hprYm : 000609df-19ee-483e-8124-5e1352f6b4a9'}
[36mhub              |[0m [Twitter] | 18-03-2021; 05:08:44 | {'id': '1372414607067901954', 'text': 'https://t.co/k0SF9hH3mW : 9116581e-5e0c-4a15-8541-5d263e9d38b0'}
[36mhub              |[0m [Twitter] | 18-03-2021; 05:10:13 | {'id': '1372414977840181252', 'text': 'RT @cat22t: hs2: Save Leather Lane Oak Trees from HS2 - Sign the Petition! https://t.co/azWqrss0Co via @UKChange\n\nHope those who are like m‚Ä¶'}
[36mhub              |[0m [Twitter] | 18-03-2021; 05:10:56 | {'id': '1372415156500635648', 'text': '„Ç∞„É≠„Éº„Éñ Globe „É°„É≥„Ç∫ „Çπ„Éã„Éº„Ç´„Éº „Ç∑„É•„Éº„Ç∫„ÉªÈù¥„ÄêTribe Bts Vegan Leather Shoe„ÄëBlack https://t.co/j25QeahCpp'}
[36mhub              |[0m [Twitter] | 18-03-2021; 05:12:42 | {'id': '1372415603999436800', 'text': 'https://t.co/k0SF9hH3mW : d1a78f57-d134-48b8-9bbb-4b26c4e4781b'}
[36mhub              |[0m [Twitter] | 18-03-2021; 05:13:00 | {'id': '1372415676808265737', 'text': 'RT @nope_thank_u: So today I had a vegan come into my dms and try call me out for using the huru from ALREADY DEAD manu. Talking about how‚Ä¶'}
[36mhub              |[0m [Twitter] | 18-03-2021; 05:15:14 | {'id': '1372416239759368194', 'text': 'RT @cat22t: hs2: Save Leather Lane Oak Trees from HS2 - Sign the Petition! https://t.co/azWqrss0Co via @UKChange\n\nHope those who are like m‚Ä¶'}
[36mhub              |[0m [Twitter] | 18-03-2021; 05:15:35 | {'id': '1372416329580351490', 'text': 'https://t.co/k0SF9hprYm : 345fc4b9-3559-4ad8-bcb0-ed19f0de5fc6'}
[36mhub              |[0m [Twitter] | 18-03-2021; 05:18:09 | {'id': '1372416974840545280', 'text': 'RT @titina_q: https://t.co/PbwWo9KwJX'}
[36mhub              |[0m [Twitter] | 18-03-2021; 05:19:43 | {'id': '1372417368727584773', 'text': "[Yu Wai bag] tote bag men's business bags leather large capacity A3 corr... https://t.co/zY5x4dafpB eBay https://t.co/ijA3X0Qa40"}
[36mhub              |[0m [Twitter] | 18-03-2021; 05:19:47 | {'id': '1372417385320361984', 'text': 'RT @saeed64850806: Material 100% cowhide Leather \ncolor Chocolate Brown and natural black\nhandmade Leather Rug | Premium quality hide made‚Ä¶'}
[36mhub              |[0m [Twitter] | 18-03-2021; 05:20:02 | {'id': '1372417450604691457', 'text': 'RT @PlantBasedNews: The new @hm X Desserto collection launches tomorrow üå±#VeganLeather\nhttps://t.co/vhZJuYjYDj'}
[36mhub              |[0m [Twitter] | 18-03-2021; 05:20:44 | {'id': '1372417624009711616', 'text': 'RT @warukhouse: Mur ‡∏•‡∏î‡∏™‡∏π‡∏á‡∏™‡∏∏‡∏î 25% ü¶ã \n\n‡∏Å‡∏£‡∏∞‡πÄ‡∏õ‡πã‡∏≤‡πÅ‡∏ö‡∏£‡∏ô‡∏î‡πå‡∏ô‡∏µ‡πâ‡∏´‡∏ô‡∏±‡∏á‡∏ó‡∏≥‡∏°‡∏≤‡∏à‡∏≤‡∏Å Vegan Leather ‡∏Ñ‡∏∏‡∏ì‡∏†‡∏≤‡∏û‡∏™‡∏π‡∏á ‡∏Å‡∏£‡∏∞‡∏ö‡∏ß‡∏ô‡∏Å‡∏≤‡∏£‡∏ú‡∏•‡∏¥‡∏ï‡πÄ‡∏õ‡πá‡∏ô‡∏°‡∏¥‡∏ï‡∏£‡∏Å‡∏±‡∏ö‡∏™‡∏¥‡πà‡∏á‡πÅ‡∏ß‡∏î‡∏•‡πâ‡∏≠‡∏° \n\nüõí https://t.‚Ä¶'}
[36mhub              |[0m [Twitter] | 18-03-2021; 05:20:49 | {'id': '1372417647065845765', 'text': 'Snapchat memories so rudely graced me with these pictures of me walking into fibbers for the first time with a bottle of buckfast in my leather jacket &amp; a bow on my head, like it was nobodies business. sweet &amp; stupid 18 year old me had no fucking clue ü§≠ bless her https://t.co/AHGOaDZn7L'}
[36mhub              |[0m [Twitter] | 18-03-2021; 05:21:38 | {'id': '1372417849369657346', 'text': 'RT @nope_thank_u: So today I had a vegan come into my dms and try call me out for using the huru from ALREADY DEAD manu. Talking about how‚Ä¶'}
[36mhub              |[0m [Twitter] | 18-03-2021; 05:22:21 | {'id': '1372418033868677120', 'text': 'https://t.co/k0SF9hprYm : 93534d0a-7e4a-4e4e-badc-90ac7600a276'}
[36mhub              |[0m [Twitter] | 18-03-2021; 05:22:42 | {'id': '1372418118371409921', 'text': 'RT @DijonDTR: C\'√©tait il y a bientot 9 ans :\n"Une demi-douzaine de fourgons de gardes-mobiles et autres √©quipes des ¬´ brigades anticriminal‚Ä¶'}
[36mhub              |[0m [Twitter] | 18-03-2021; 05:23:03 | {'id': '1372418206300839938', 'text': '@BAMBIONACONE Its cute but ig since it‚Äôs vegan leather it looks kinda cheap in person'}
[36mhub              |[0m [Twitter] | 18-03-2021; 05:23:23 | {'id': '1372418293781303298', 'text': 'RT @titina_q: https://t.co/PbwWo9KwJX'}
[36mhub              |[0m [Twitter] | 18-03-2021; 05:23:44 | {'id': '1372418380855181314', 'text': 'https://t.co/k0SF9hH3mW : 26e76875-0706-4daa-807d-b9af71a4be16'}
[36mhub              |[0m [Twitter] | 18-03-2021; 05:24:41 | {'id': '1372418618022039552', 'text': "RT @GoSleepBelall: Guys, I've initiated a business regarding Leather Shoes and need some real validation. üíú  would mean the world if you co‚Ä¶"}
[36mhub              |[0m [Twitter] | 18-03-2021; 05:27:42 | {'id': '1372419376683573248', 'text': 'https://t.co/k0SF9hH3mW : 2b2675c1-d45e-4e7d-a5e3-a0d7dbdf87d5'}
[36mhub              |[0m [Twitter] | 18-03-2021; 05:30:35 | {'id': '1372420105670324229', 'text': 'https://t.co/k0SF9hprYm : 102e0a22-0bf9-4656-bbd8-2717a1658520'}
[36mhub              |[0m [Twitter] | 18-03-2021; 05:31:41 | {'id': '1372420381718552578', 'text': 'I see a lot of people talking about post-wfh style and going back to hard pants. Let me make your day:\n\nThere are companies that make work-wear leggings. Seriously, For example, my VEGAN LEATHER YOGA PANTS with FUNCTIONAL POCKETS. #NEISvoid and friends, Betabrand has our back. https://t.co/N8q3Um2MR5'}
[36mhub              |[0m [Twitter] | 18-03-2021; 05:31:54 | {'id': '1372420433568358400', 'text': 'RT @SUNNI_MONSTER: Guys stop using Vegan leather. There‚Äôs no such thing as Vegan leather. It‚Äôs a marketing term for synthetic leather...vin‚Ä¶'}
[36mhub              |[0m [Twitter] | 18-03-2021; 05:32:47 | {'id': '1372420658655752192', 'text': 'RT @warukhouse: Mur ‡∏•‡∏î‡∏™‡∏π‡∏á‡∏™‡∏∏‡∏î 25% ü¶ã \n\n‡∏Å‡∏£‡∏∞‡πÄ‡∏õ‡πã‡∏≤‡πÅ‡∏ö‡∏£‡∏ô‡∏î‡πå‡∏ô‡∏µ‡πâ‡∏´‡∏ô‡∏±‡∏á‡∏ó‡∏≥‡∏°‡∏≤‡∏à‡∏≤‡∏Å Vegan Leather ‡∏Ñ‡∏∏‡∏ì‡∏†‡∏≤‡∏û‡∏™‡∏π‡∏á ‡∏Å‡∏£‡∏∞‡∏ö‡∏ß‡∏ô‡∏Å‡∏≤‡∏£‡∏ú‡∏•‡∏¥‡∏ï‡πÄ‡∏õ‡πá‡∏ô‡∏°‡∏¥‡∏ï‡∏£‡∏Å‡∏±‡∏ö‡∏™‡∏¥‡πà‡∏á‡πÅ‡∏ß‡∏î‡∏•‡πâ‡∏≠‡∏° \n\nüõí https://t.‚Ä¶'}
[36mhub              |[0m [Twitter] | 18-03-2021; 05:32:49 | {'id': '1372420667862290434', 'text': 'RT @ChromaHolster: @eclipsetale after a lot of debating I decided to post these on Twitter so that other people that follow you that play A‚Ä¶'}
[36mhub              |[0m [Twitter] | 18-03-2021; 05:35:26 | {'id': '1372421324912668673', 'text': 'Seokjin in that leather jacket and icy handsomeness is giving me vibes of a corporate tycoon running a conglomerate and discussing business deals in a casual setting- now imagine that in a movie üî•\n\n#ÏßÑ #ÏÑùÏßÑ #Î∞©ÌÉÑÏÜåÎÖÑÎã®ÏßÑ #JIN #SEOKJIN #BTSJIN @BTS_twt https://t.co/AVB6BPmiU8'}
[36mhub              |[0m [Twitter] | 18-03-2021; 05:36:25 | {'id': '1372421570392690689', 'text': 'Covor luxos din pƒÉr de animal cu model de pƒÉtrate ≈üi triunghiuri https://t.co/Pql6fbeNA4 #CovordinpielenaturalƒÉ #carpet #cowhide #haironhide #leather #rug https://t.co/csgWDTzLqs'}
[36mhub              |[0m [Twitter] | 18-03-2021; 05:36:44 | {'id': '1372421650310963201', 'text': 'RT @seokjinism1: Seokjin in that leather jacket and icy handsomeness is giving me vibes of a corporate tycoon running a conglomerate and di‚Ä¶'}
[36mhub              |[0m [Twitter] | 18-03-2021; 05:37:00 | {'id': '1372421718648623106', 'text': 'https://t.co/k0SF9hprYm : ada93bd2-1bdc-4467-bb37-5cd5dca67604'}
[36mhub              |[0m [Twitter] | 18-03-2021; 05:38:18 | {'id': '1372422044403466241', 'text': 'Stella McCartney Unveils World‚Äôs First Vegan Mushroom Leather Pants&amp;nbsp; https://t.co/ETyJ6Ed2eL via @VegNews'}
[36mhub              |[0m [Twitter] | 18-03-2021; 05:38:19 | {'id': '1372422050757939200', 'text': 'CEO\n#JIN \n#IBelieveInConnection https://t.co/gzlHc4RZHK'}
[36mhub              |[0m [Twitter] | 18-03-2021; 05:38:32 | {'id': '1372422106009325570', 'text': 'RT @seokjinism1: Seokjin in that leather jacket and icy handsomeness is giving me vibes of a corporate tycoon running a conglomerate and di‚Ä¶'}
[36mhub              |[0m [Twitter] | 18-03-2021; 05:38:45 | {'id': '1372422157834321921', 'text': 'https://t.co/k0SF9hH3mW : 2666ea85-0d71-4b55-87a4-619a19d186c8'}
[36mhub              |[0m [Twitter] | 18-03-2021; 05:39:03 | {'id': '1372422235038699520', 'text': 'shua doing the most for the hobbies nd crafts industry i see https://t.co/59LzmZGNc1'}
[36mhub              |[0m [Twitter] | 18-03-2021; 05:40:03 | {'id': '1372422486436892675', 'text': 'RT @seokjinism1: Seokjin in that leather jacket and icy handsomeness is giving me vibes of a corporate tycoon running a conglomerate and di‚Ä¶'}
[36mhub              |[0m [Twitter] | 18-03-2021; 05:40:12 | {'id': '1372422524449955842', 'text': 'H&amp;M X Desserto: Fashion Giant Uses Mexican Startup‚Äôs Cactus Leather In New Sustainable Collection - Green Queen Media https://t.co/MHRxQKqSPl'}
[36mhub              |[0m [Twitter] | 18-03-2021; 05:40:38 | {'id': '1372422631568330753', 'text': 'Dogs Bludgeoned and Killed in Leather Industry https://t.co/LHTHUgW75t'}
[36mhub              |[0m [Twitter] | 18-03-2021; 05:40:39 | {'id': '1372422635506692100', 'text': 'RT @seokjinism1: Seokjin in that leather jacket and icy handsomeness is giving me vibes of a corporate tycoon running a conglomerate and di‚Ä¶'}
[36mhub              |[0m [Twitter] | 18-03-2021; 05:41:23 | {'id': '1372422822140780545', 'text': 'RT @c74736239: Dogs Bludgeoned and Killed in Leather Industry https://t.co/LHTHUgW75t'}
[36mhub              |[0m [Twitter] | 18-03-2021; 05:41:45 | {'id': '1372422912280469504', 'text': 'RT @seokjinism1: Seokjin in that leather jacket and icy handsomeness is giving me vibes of a corporate tycoon running a conglomerate and di‚Ä¶'}
[36mhub              |[0m [Twitter] | 18-03-2021; 05:42:17 | {'id': '1372423047689437186', 'text': 'RT @seokjinism1: Seokjin in that leather jacket and icy handsomeness is giving me vibes of a corporate tycoon running a conglomerate and di‚Ä¶'}
[36mhub              |[0m [Twitter] | 18-03-2021; 05:42:19 | {'id': '1372423057650896896', 'text': 'Kaynak: https://t.co/VFXyBVKgDr'}
[36mhub              |[0m [Twitter] | 18-03-2021; 05:43:03 | {'id': '1372423239524261892', 'text': 'RT @seokjinism1: Seokjin in that leather jacket and icy handsomeness is giving me vibes of a corporate tycoon running a conglomerate and di‚Ä¶'}
[36mhub              |[0m [Twitter] | 18-03-2021; 05:45:35 | {'id': '1372423879520514052', 'text': 'https://t.co/k0SF9hprYm : 0e505ec7-9793-4a8e-912e-b6970ff711b3'}
[36mhub              |[0m [Twitter] | 18-03-2021; 05:46:44 | {'id': '1372424168126353411', 'text': 'RT @titina_q: https://t.co/PbwWo9KwJX'}
[36mhub              |[0m [Twitter] | 18-03-2021; 05:47:02 | {'id': '1372424242659229699', 'text': 'üî•üî• ¬°OJO! üî•üî• FIND Weave Slingback Leather Sandalias de Punta Descubierta, Beige (Snake Natural), 39 EU\nüí∂ 6.88‚Ç¨\nüîª 17%\nüìâ ¬°PRECIO M√çNIMO! \nüåê https://t.co/T4ThTSktsH https://t.co/CanKHwMF5X'}
[36mhub              |[0m [Twitter] | 18-03-2021; 05:47:13 | {'id': '1372424289182310401', 'text': 'RT @seokjinism1: Seokjin in that leather jacket and icy handsomeness is giving me vibes of a corporate tycoon running a conglomerate and di‚Ä¶'}
[36mhub              |[0m [Twitter] | 18-03-2021; 05:47:25 | {'id': '1372424339539202057', 'text': 'RT @seokjinism1: Seokjin in that leather jacket and icy handsomeness is giving me vibes of a corporate tycoon running a conglomerate and di‚Ä¶'}
[36mhub              |[0m [Twitter] | 18-03-2021; 05:48:26 | {'id': '1372424596134133760', 'text': 'RT @seokjinism1: Seokjin in that leather jacket and icy handsomeness is giving me vibes of a corporate tycoon running a conglomerate and di‚Ä¶'}
[36mhub              |[0m [Twitter] | 18-03-2021; 05:49:18 | {'id': '1372424813411700738', 'text': "Urge Levi's and Other Brands to Stop Selling Leather https://t.co/VlN7QC3507"}
[36mhub              |[0m [Twitter] | 18-03-2021; 05:52:21 | {'id': '1372425583288709128', 'text': 'https://t.co/k0SF9hprYm : 3c3646b4-8c42-404c-9643-a797f250ec05'}
[36mhub              |[0m [Twitter] | 18-03-2021; 05:53:38 | {'id': '1372425904094277633', 'text': 'RT @seokjinism1: Seokjin in that leather jacket and icy handsomeness is giving me vibes of a corporate tycoon running a conglomerate and di‚Ä¶'}
[36mhub              |[0m [Twitter] | 18-03-2021; 05:53:44 | {'id': '1372425929503428608', 'text': 'https://t.co/k0SF9hH3mW : f6f6ac89-1dd3-42f1-af88-7ca39021a30e'}
[36mhub              |[0m [Twitter] | 18-03-2021; 05:54:36 | {'id': '1372426146143424513', 'text': 'Allbirds to make shoes using plant-based #Leather to help "eradicate ... https://t.co/0n1bFl2A0o #Plantbased #RenewableCarbon'}
[36mhub              |[0m [Twitter] | 18-03-2021; 05:54:47 | {'id': '1372426195191533569', 'text': 'RT @seokjinism1: Seokjin in that leather jacket and icy handsomeness is giving me vibes of a corporate tycoon running a conglomerate and di‚Ä¶'}
[36mhub              |[0m [Twitter] | 18-03-2021; 05:54:48 | {'id': '1372426196697325569', 'text': 'RT @seokjinism1: Seokjin in that leather jacket and icy handsomeness is giving me vibes of a corporate tycoon running a conglomerate and di‚Ä¶'}
[36mhub              |[0m [Twitter] | 18-03-2021; 05:55:09 | {'id': '1372426285159313413', 'text': 'RT @seokjinism1: Seokjin in that leather jacket and icy handsomeness is giving me vibes of a corporate tycoon running a conglomerate and di‚Ä¶'}
[36mhub              |[0m [Twitter] | 18-03-2021; 05:55:15 | {'id': '1372426309834510337', 'text': '@FabloFrescobar @jocelysanunnaki @VibeWithhMee I‚Äôm thrill, game changing energy and wisdom in a matte baby blue vegan leather bag.'}
[36mhub              |[0m [Twitter] | 18-03-2021; 05:56:17 | {'id': '1372426572096016384', 'text': '@Sdotshout @illmakehisTORIE girl it‚Äôs vegan leather ü§£ü§£'}
[36mhub              |[0m [Twitter] | 18-03-2021; 05:57:41 | {'id': '1372426925109567488', 'text': 'https://t.co/k0SF9hH3mW : 790dd48e-73b7-43d9-beac-12211a29c49e'}
[36mhub              |[0m [Twitter] | 18-03-2021; 05:58:10 | {'id': '1372427046349987840', 'text': 'RT @seokjinism1: Seokjin in that leather jacket and icy handsomeness is giving me vibes of a corporate tycoon running a conglomerate and di‚Ä¶'}
[36mhub              |[0m [Twitter] | 18-03-2021; 05:58:24 | {'id': '1372427102381694977', 'text': '@ClosetSeungwoo\n210318 w_o_o_y_a Instagram Story Update\n\nBrand: MUSINSA STANDARD\nProduct name: Oversize Synthetic  Leather Shirt\nPrice: KRW 61,900\n\nhttps://t.co/sZY1QxR5VK\n\n¬©Ô∏èw_o_o_y_a\n#ÌïúÏäπÏö∞ #ÏäπÏö∞ #ÎπÖÌÜ§ #VICTON #ÏóëÏä§Ïõê #X1 #ÌïúÏäπÏö∞Ïò∑Ïû• #CLOSETSEUNGWOO #HANSEUNGWOO https://t.co/JtBRSIjtmZ'}
[36mhub              |[0m [Twitter] | 18-03-2021; 05:59:16 | {'id': '1372427322020622339', 'text': 'RT @ClosetSeungwoo: @ClosetSeungwoo\n210318 w_o_o_y_a Instagram Story Update\n\nBrand: MUSINSA STANDARD\nProduct name: Oversize Synthetic  Leat‚Ä¶'}
[36mhub              |[0m [Twitter] | 18-03-2021; 06:00:17 | {'id': '1372427576505864193', 'text': 'RT @ClosetSeungwoo: @ClosetSeungwoo\n210318 w_o_o_y_a Instagram Story Update\n\nBrand: MUSINSA STANDARD\nProduct name: Oversize Synthetic  Leat‚Ä¶'}
[36mhub              |[0m [Twitter] | 18-03-2021; 06:00:35 | {'id': '1372427654306045956', 'text': 'https://t.co/k0SF9hprYm : 4054accf-3c87-4ed3-9370-8030172422bf'}
[36mhub              |[0m [Twitter] | 18-03-2021; 06:00:50 | {'id': '1372427715639394306', 'text': 'Flamingo Passport Covers Travel Accessories Creative PU Leather ID Bank Card Bag Men Women Organizers Business Holder\xa0Wallets https://t.co/vs3i6uPcqV'}
[36mhub              |[0m [Twitter] | 18-03-2021; 06:01:08 | {'id': '1372427792441241601', 'text': 'RT @ClosetSeungwoo: @ClosetSeungwoo\n210318 w_o_o_y_a Instagram Story Update\n\nBrand: MUSINSA STANDARD\nProduct name: Oversize Synthetic  Leat‚Ä¶'}
[36mhub              |[0m [Twitter] | 18-03-2021; 06:01:14 | {'id': '1372427816034181124', 'text': 'RT @titina_q: https://t.co/PbwWo9KwJX'}
[36mhub              |[0m [Twitter] | 18-03-2021; 06:01:16 | {'id': '1372427826075291649', 'text': 'RT @seokjinism1: Seokjin in that leather jacket and icy handsomeness is giving me vibes of a corporate tycoon running a conglomerate and di‚Ä¶'}
[36mhub              |[0m [Twitter] | 18-03-2021; 06:02:07 | {'id': '1372428037698977792', 'text': 'RT @ClosetSeungwoo: @ClosetSeungwoo\n210318 w_o_o_y_a Instagram Story Update\n\nBrand: MUSINSA STANDARD\nProduct name: Oversize Synthetic  Leat‚Ä¶'}
[36mhub              |[0m [Twitter] | 18-03-2021; 06:05:32 | {'id': '1372428897170591745', 'text': 'RT @seokjinism1: Seokjin in that leather jacket and icy handsomeness is giving me vibes of a corporate tycoon running a conglomerate and di‚Ä¶'}
[36mhub              |[0m [Twitter] | 18-03-2021; 06:05:52 | {'id': '1372428983690694657', 'text': 'RT @ClosetSeungwoo: @ClosetSeungwoo\n210318 w_o_o_y_a Instagram Story Update\n\nBrand: MUSINSA STANDARD\nProduct name: Oversize Synthetic  Leat‚Ä¶'}
[36mhub              |[0m [Twitter] | 18-03-2021; 06:07:07 | {'id': '1372429296942211072', 'text': 'https://t.co/k0SF9hprYm : b7ffcfc9-e615-4cc0-b7b4-6fe3a7e01540'}
[36mhub              |[0m [Twitter] | 18-03-2021; 06:08:04 | {'id': '1372429536697053184', 'text': 'RT @ClosetSeungwoo: @ClosetSeungwoo\n210318 w_o_o_y_a Instagram Story Update\n\nBrand: MUSINSA STANDARD\nProduct name: Oversize Synthetic  Leat‚Ä¶'}
[36mhub              |[0m [Twitter] | 18-03-2021; 06:08:13 | {'id': '1372429575179837441', 'text': '#Salisa ‡∏î‡∏µ‡πÑ‡∏ã‡πÄ‡∏ô‡∏≠‡∏£‡πå‡πÑ‡∏ó‡∏¢‡∏£‡∏∏‡πà‡∏ô‡πÉ‡∏´‡∏°‡πà‡∏ó‡∏µ‡πà‡∏°‡∏≠‡∏á Vegan Leather ‡∏î‡πâ‡∏ß‡∏¢‡∏ß‡∏¥‡∏™‡∏±‡∏¢‡∏ó‡∏±‡∏®‡∏ô‡πå‡∏£‡∏∞‡∏î‡∏±‡∏ö‡πÇ‡∏•‡∏Å ‡∏Å‡∏±‡∏ö‡∏Å‡∏≤‡∏£‡∏ï‡∏±‡πâ‡∏á‡∏Ñ‡∏≥‡∏ñ‡∏≤‡∏°‡∏ß‡πà‡∏≤ Vegan Leather ‡∏ô‡∏±‡πâ‡∏ô‡∏£‡∏±‡∏Å‡∏™‡∏±‡∏ï‡∏ß‡πå‡πÅ‡∏ï‡πà‡πÑ‡∏°‡πà‡∏£‡∏±‡∏Å‡∏©‡πå‡πÇ‡∏•‡∏Å‡∏≠‡∏¢‡πà‡∏≤‡∏á‡πÑ‡∏£‡πÑ‡∏î‡πâ‡∏≠‡∏¢‡πà‡∏≤‡∏á‡∏ä‡∏≤‡∏ç‡∏â‡∏•‡∏≤‡∏î ... https://t.co/XUAVXESRAd'}
[36mhub              |[0m [Twitter] | 18-03-2021; 06:08:45 | {'id': '1372429707375951875', 'text': 'https://t.co/k0SF9hH3mW : 17c661ec-9212-48db-b131-001d38bbe6f2'}
[36mhub              |[0m [Twitter] | 18-03-2021; 06:11:15 | {'id': '1372430335737098241', 'text': 'RT @seokjinism1: Seokjin in that leather jacket and icy handsomeness is giving me vibes of a corporate tycoon running a conglomerate and di‚Ä¶'}
[36mhub              |[0m [Twitter] | 18-03-2021; 06:11:17 | {'id': '1372430341516922880', 'text': 'Paio\n\nPAIO is a @PetaIndia approved vegan brand. Since their inception, they have taken a conscious decision to stay away from leather or any such product that would harm animals.\n\nProduct: Amber Yellow Juttis\n\n#Sustainablefashion #ethicalfashion #veganfashion  #upcycle #Ecolab https://t.co/ukOl39kfge'}
[36mhub              |[0m [Twitter] | 18-03-2021; 06:11:20 | {'id': '1372430354129166342', 'text': 'Bombay Brown\n\nBombay Brown is a homegrown, handcrafted and sustainable footwear label supporting local artisans and  believe in ethically sourcing of vegan leather!\n\nProduct name:Pick a Pocket\n\n#Sustainablefashion #ethicalfashion #zerowasteliving #Sustainability #upcycle #Ecolab https://t.co/tyGBynOItt'}
[36mhub              |[0m [Twitter] | 18-03-2021; 06:12:16 | {'id': '1372430593183477761', 'text': 'RT @seokjinism1: Seokjin in that leather jacket and icy handsomeness is giving me vibes of a corporate tycoon running a conglomerate and di‚Ä¶'}
[36mhub              |[0m [Twitter] | 18-03-2021; 06:12:42 | {'id': '1372430704970248193', 'text': 'https://t.co/k0SF9hH3mW : 3c856d5e-1bfd-422a-b2a8-ecf73c2da378'}
[36mhub              |[0m [Twitter] | 18-03-2021; 06:13:45 | {'id': '1372430967101591557', 'text': 'RT @seokjinism1: Seokjin in that leather jacket and icy handsomeness is giving me vibes of a corporate tycoon running a conglomerate and di‚Ä¶'}
[36mhub              |[0m [Twitter] | 18-03-2021; 06:14:14 | {'id': '1372431088153288706', 'text': 'RT @ClosetSeungwoo: @ClosetSeungwoo\n210318 w_o_o_y_a Instagram Story Update\n\nBrand: MUSINSA STANDARD\nProduct name: Oversize Synthetic  Leat‚Ä¶'}
[36mhub              |[0m [Twitter] | 18-03-2021; 06:14:52 | {'id': '1372431249797574661', 'text': 'RT @warukhouse: Mur ‡∏•‡∏î‡∏™‡∏π‡∏á‡∏™‡∏∏‡∏î 25% ü¶ã \n\n‡∏Å‡∏£‡∏∞‡πÄ‡∏õ‡πã‡∏≤‡πÅ‡∏ö‡∏£‡∏ô‡∏î‡πå‡∏ô‡∏µ‡πâ‡∏´‡∏ô‡∏±‡∏á‡∏ó‡∏≥‡∏°‡∏≤‡∏à‡∏≤‡∏Å Vegan Leather ‡∏Ñ‡∏∏‡∏ì‡∏†‡∏≤‡∏û‡∏™‡∏π‡∏á ‡∏Å‡∏£‡∏∞‡∏ö‡∏ß‡∏ô‡∏Å‡∏≤‡∏£‡∏ú‡∏•‡∏¥‡∏ï‡πÄ‡∏õ‡πá‡∏ô‡∏°‡∏¥‡∏ï‡∏£‡∏Å‡∏±‡∏ö‡∏™‡∏¥‡πà‡∏á‡πÅ‡∏ß‡∏î‡∏•‡πâ‡∏≠‡∏° \n\nüõí https://t.‚Ä¶'}
[36mhub              |[0m [Twitter] | 18-03-2021; 06:15:12 | {'id': '1372431331041320971', 'text': 'RT @warukhouse: Mur ‡∏•‡∏î‡∏™‡∏π‡∏á‡∏™‡∏∏‡∏î 25% ü¶ã \n\n‡∏Å‡∏£‡∏∞‡πÄ‡∏õ‡πã‡∏≤‡πÅ‡∏ö‡∏£‡∏ô‡∏î‡πå‡∏ô‡∏µ‡πâ‡∏´‡∏ô‡∏±‡∏á‡∏ó‡∏≥‡∏°‡∏≤‡∏à‡∏≤‡∏Å Vegan Leather ‡∏Ñ‡∏∏‡∏ì‡∏†‡∏≤‡∏û‡∏™‡∏π‡∏á ‡∏Å‡∏£‡∏∞‡∏ö‡∏ß‡∏ô‡∏Å‡∏≤‡∏£‡∏ú‡∏•‡∏¥‡∏ï‡πÄ‡∏õ‡πá‡∏ô‡∏°‡∏¥‡∏ï‡∏£‡∏Å‡∏±‡∏ö‡∏™‡∏¥‡πà‡∏á‡πÅ‡∏ß‡∏î‡∏•‡πâ‡∏≠‡∏° \n\nüõí https://t.‚Ä¶'}
[36mhub              |[0m [Twitter] | 18-03-2021; 06:15:16 | {'id': '1372431349341110277', 'text': 'RT @seokjinism1: Seokjin in that leather jacket and icy handsomeness is giving me vibes of a corporate tycoon running a conglomerate and di‚Ä¶'}
[36mhub              |[0m [Twitter] | 18-03-2021; 06:15:36 | {'id': '1372431430924472322', 'text': 'https://t.co/k0SF9hprYm : a5178655-8537-486c-bc7c-51afe1eb23a4'}
[36mhub              |[0m [Twitter] | 18-03-2021; 06:15:36 | {'id': '1372431434577756163', 'text': '@studio2702 ‡∏ô‡∏µ‡πà‡πÄ‡∏•‡∏¢‡∏ï‡∏≤‡∏°‡πÑ‡∏õ‡∏Ñ‡∏•‡∏¥‡πâ‡∏Å‡∏î‡∏π ‡πÅ‡∏•‡πâ‡∏ß‡πÄ‡∏à‡∏≠ subheadline ‡∏ó‡∏µ‡πà‡∏ß‡πà‡∏≤\n\n‚ÄúSalisa ‡∏Å‡∏≥‡∏•‡∏±‡∏á‡∏≠‡∏ò‡∏¥‡∏ö‡∏≤‡∏¢‡∏Å‡∏±‡∏ö‡∏Å‡∏≤‡∏£‡∏ï‡∏±‡πâ‡∏á‡∏Ñ‡∏≥‡∏ñ‡∏≤‡∏°‡∏ß‡πà‡∏≤ Vegan Leather ‡∏ô‡∏±‡πâ‡∏ô‡∏£‡∏±‡∏Å‡∏™‡∏±‡∏ï‡∏ß‡πå‡πÅ‡∏ï‡πà‡πÑ‡∏°‡πà‡∏£‡∏±‡∏Å‡∏©‡πå‡πÇ‡∏•‡∏Å‡πÑ‡∏î‡πâ‡∏≠‡∏¢‡πà‡∏≤‡∏á‡∏ä‡∏≤‡∏ç‡∏â‡∏•‡∏≤‡∏î‚Äù\n\n‡πÄ‡∏≠‡∏≠ ‡∏™‡∏á‡∏™‡∏±‡∏¢‡πÅ‡∏õ‡∏•‡∏Ñ‡∏≥‡∏ï‡πà‡∏≠‡∏Ñ‡∏≥‡∏°‡∏≤‡∏ï‡∏£‡∏á ‡πÜ üòÖ'}
[36mhub              |[0m [Twitter] | 18-03-2021; 06:16:17 | {'id': '1372431606330191873', 'text': 'RT @seokjinism1: Seokjin in that leather jacket and icy handsomeness is giving me vibes of a corporate tycoon running a conglomerate and di‚Ä¶'}
[36mhub              |[0m [Twitter] | 18-03-2021; 06:19:21 | {'id': '1372432376685588480', 'text': 'RT @seokjinism1: Seokjin in that leather jacket and icy handsomeness is giving me vibes of a corporate tycoon running a conglomerate and di‚Ä¶'}
[36mhub              |[0m [Twitter] | 18-03-2021; 06:20:07 | {'id': '1372432569547911168', 'text': 'RT @seokjinism1: Seokjin in that leather jacket and icy handsomeness is giving me vibes of a corporate tycoon running a conglomerate and di‚Ä¶'}
[36mhub              |[0m [Twitter] | 18-03-2021; 06:21:20 | {'id': '1372432877309280259', 'text': 'RT @Biobased_News: Allbirds to make shoes using plant-based #Leather to help "eradicate ... https://t.co/0n1bFl2A0o #Plantbased #RenewableC‚Ä¶'}
[36mhub              |[0m [Twitter] | 18-03-2021; 06:23:45 | {'id': '1372433485428838405', 'text': 'https://t.co/k0SF9hH3mW : e463520a-4291-4530-8494-d57febecd91a'}
[36mhub              |[0m [Twitter] | 18-03-2021; 06:24:22 | {'id': '1372433641062633472', 'text': 'RT @seokjinism1: Seokjin in that leather jacket and icy handsomeness is giving me vibes of a corporate tycoon running a conglomerate and di‚Ä¶'}
[36mhub              |[0m [Twitter] | 18-03-2021; 06:25:25 | {'id': '1372433903760252928', 'text': 'https://t.co/k0SF9hprYm : e7c40eef-b8ce-498c-88ed-d371b05ecf73'}
[36mhub              |[0m [Twitter] | 18-03-2021; 06:26:17 | {'id': '1372434121033621506', 'text': 'RT @sujarouf: Eco Friendly Tanned ( Heavy Metals Free ) Genuine Barramundi Species Fish Leather Wallets https://t.co/I2Pq668CGX'}
[36mhub              |[0m [Twitter] | 18-03-2021; 06:27:05 | {'id': '1372434321785622530', 'text': "@Secrets_Slave I'm not exactly sure if they used to be in Glen Burnie Mall or not as that's where I had my #Original Steel Warrior &amp; Reaper belts made \n\nAnother place that's no longer in business was Sundance Leather Somewhere in Florida was where Big Bill got his jackets ( Cousin )"}
[36mhub              |[0m [Twitter] | 18-03-2021; 06:27:42 | {'id': '1372434477708931072', 'text': 'https://t.co/k0SF9hH3mW : 13ac3ecf-d6f7-4ea2-b786-e7d37e2fcda6'}
[36mhub              |[0m [Twitter] | 18-03-2021; 06:28:14 | {'id': '1372434614027833345', 'text': '@TheMaverick21 Other than the helmet-to-helmet, this should be legal. And we should go back to leather helmets to discourage that part.'}
[36mhub              |[0m [Twitter] | 18-03-2021; 06:29:54 | {'id': '1372435031705157633', 'text': 'RT @Charlie38379472: Dogs Being Killed for Leather NEED Your Help https://t.co/4swbCqBcMd via @peta'}
[36mhub              |[0m [Twitter] | 18-03-2021; 06:30:04 | {'id': '1372435074914807808', 'text': 'RT @seokjinism1: Seokjin in that leather jacket and icy handsomeness is giving me vibes of a corporate tycoon running a conglomerate and di‚Ä¶'}
[36mhub              |[0m [Twitter] | 18-03-2021; 06:30:21 | {'id': '1372435144368254976', 'text': "@Darkdogzstudioz I just tweeted at them with a couple of questions, they look like they make some nice garment leather without the environmental issues of PU leather/pleather/vegan leather\n\nI'm into the idea sustainability-wise for sure"}
[36mhub              |[0m [Twitter] | 18-03-2021; 06:30:29 | {'id': '1372435177645821958', 'text': 'RT @ClosetSeungwoo: @ClosetSeungwoo\n210318 w_o_o_y_a Instagram Story Update\n\nBrand: MUSINSA STANDARD\nProduct name: Oversize Synthetic  Leat‚Ä¶'}
[36mhub              |[0m [Twitter] | 18-03-2021; 06:30:35 | {'id': '1372435202148999170', 'text': 'https://t.co/k0SF9hprYm : a4194dc9-fc7c-4fee-bed7-79bbc8498216'}
[36mhub              |[0m [Twitter] | 18-03-2021; 06:30:55 | {'id': '1372435285800222721', 'text': 'vivo X60 Pro+ Indian Variant. It is indeed launching with a Vegan Leather back. Looks pretty great in this Navy Blue shade! First time the brand has introduced a design like this in India.\n\n#vivoX60Series #vivoX60ProPlus https://t.co/R8FRqaXZCW'}
[36mhub              |[0m [Twitter] | 18-03-2021; 06:31:07 | {'id': '1372435338002493441', 'text': 'RT @ishanagarwal24: vivo X60 Pro+ Indian Variant. It is indeed launching with a Vegan Leather back. Looks pretty great in this Navy Blue sh‚Ä¶'}
[36mhub              |[0m [Twitter] | 18-03-2021; 06:31:08 | {'id': '1372435342947618820', 'text': 'RT @ishanagarwal24: vivo X60 Pro+ Indian Variant. It is indeed launching with a Vegan Leather back. Looks pretty great in this Navy Blue sh‚Ä¶'}
[36mhub              |[0m [Twitter] | 18-03-2021; 06:33:02 | {'id': '1372435821177933825', 'text': 'RT @seokjinism1: Seokjin in that leather jacket and icy handsomeness is giving me vibes of a corporate tycoon running a conglomerate and di‚Ä¶'}
[36mhub              |[0m [Twitter] | 18-03-2021; 06:33:10 | {'id': '1372435854799609858', 'text': 'RT @titina_q: https://t.co/PbwWo9KwJX'}
[36mhub              |[0m [Twitter] | 18-03-2021; 06:33:43 | {'id': '1372435992775438336', 'text': 'RT @ishanagarwal24: vivo X60 Pro+ Indian Variant. It is indeed launching with a Vegan Leather back. Looks pretty great in this Navy Blue sh‚Ä¶'}
[36mhub              |[0m [Twitter] | 18-03-2021; 06:34:42 | {'id': '1372436239832420353', 'text': "@PinatexOfficial That is, learning to work with your pineapple fibre material. I understand that it's finished at the production stage like chrome tanned leather. If it's suitable for the kind of work I do then I'll probably pick up a swatch card when I'm able :3"}
[36mhub              |[0m [Twitter] | 18-03-2021; 06:34:45 | {'id': '1372436252927082497', 'text': 'Great news! ‚ÄòStella McCartney creates world‚Äôs first clothes made from mushroom leather - Evening Standard‚Äô https://t.co/g6IPtGF3uJ'}
[36mhub              |[0m [Twitter] | 18-03-2021; 06:34:56 | {'id': '1372436299114631171', 'text': 'RT @ClosetSeungwoo: @ClosetSeungwoo\n210318 w_o_o_y_a Instagram Story Update\n\nBrand: MUSINSA STANDARD\nProduct name: Oversize Synthetic  Leat‚Ä¶'}
[36mhub              |[0m [Twitter] | 18-03-2021; 06:35:06 | {'id': '1372436340747419653', 'text': 'RT @ZAAF_COLLECTION: It costs $0.00 to retweet &amp; help us grow our small black business please.ü•∞üôèüèæ Handmade, luxury leather products all mad‚Ä¶'}
[36mhub              |[0m [Twitter] | 18-03-2021; 06:37:21 | {'id': '1372436907506896896', 'text': 'https://t.co/k0SF9hprYm : 2956c24e-c7d2-454e-a106-3de672881c6e'}
[36mhub              |[0m [Twitter] | 18-03-2021; 06:37:58 | {'id': '1372437060242403331', 'text': 'RT @ishanagarwal24: vivo X60 Pro+ Indian Variant. It is indeed launching with a Vegan Leather back. Looks pretty great in this Navy Blue sh‚Ä¶'}
[36mhub              |[0m [Twitter] | 18-03-2021; 06:38:44 | {'id': '1372437256548593666', 'text': 'https://t.co/k0SF9hH3mW : 890b9350-41cc-46d3-b2b6-5f4fa26d54e6'}
[36mhub              |[0m [Twitter] | 18-03-2021; 06:38:46 | {'id': '1372437264974843904', 'text': "Ex- I get stupid messages and comments from vegans complaining about leather all the time. \n\nI won't go into their stunning ability to hoard ignorance, but it is a little weird that they think they can convince me to give up my entire livelihood because Peta said so."}
[36mhub              |[0m [Twitter] | 18-03-2021; 06:39:26 | {'id': '1372437430574321666', 'text': 'RT @seokjinism1: Seokjin in that leather jacket and icy handsomeness is giving me vibes of a corporate tycoon running a conglomerate and di‚Ä¶'}
[36mhub              |[0m [Twitter] | 18-03-2021; 06:39:26 | {'id': '1372437430796652547', 'text': 'RT @nope_thank_u: So today I had a vegan come into my dms and try call me out for using the huru from ALREADY DEAD manu. Talking about how‚Ä¶'}
[36mhub              |[0m [Twitter] | 18-03-2021; 06:40:05 | {'id': '1372437593724489731', 'text': '#male #handsome #cool #guy #quotes #boy #boys #leather #manfashion Long Business Wallet with Clasp https://t.co/vhb5se5wai'}
[36mhub              |[0m [Twitter] | 18-03-2021; 06:40:54 | {'id': '1372437797198569472', 'text': 'Hair on Hide Leopard print leather bag with pink interior, Black leather tote bag, Animal print shoulder bag, gift for her https://t.co/LzUNqyBUef #RivetandBurrLeather #Etsy #AnimalPrintBag https://t.co/3Oqt7f6epZ'}
[36mhub              |[0m [Twitter] | 18-03-2021; 06:41:11 | {'id': '1372437872993787905', 'text': 'RT @titina_q: https://t.co/PbwWo9KwJX'}
[36mhub              |[0m [Twitter] | 18-03-2021; 06:42:21 | {'id': '1372438164762136577', 'text': 'https://t.co/k0SF9hH3mW : 995e02b5-e100-43a3-93c1-450386e45157'}
[36mhub              |[0m [Twitter] | 18-03-2021; 06:42:26 | {'id': '1372438183422566400', 'text': 'RT @ClosetSeungwoo: @ClosetSeungwoo\n210318 w_o_o_y_a Instagram Story Update\n\nBrand: MUSINSA STANDARD\nProduct name: Oversize Synthetic  Leat‚Ä¶'}
[36mhub              |[0m [Twitter] | 18-03-2021; 06:43:34 | {'id': '1372438469566373890', 'text': 'Price kya hoga https://t.co/akx6T8OxAW'}
[36mhub              |[0m [Twitter] | 18-03-2021; 06:44:39 | {'id': '1372438742774996995', 'text': 'Stella McCartney creates world‚Äôs first clothes made from mushroom leather - Evening Standard \nYou were right \u2066@FranDainty\u2069 #innovative #loveourplanet  https://t.co/MivWLR9klv'}
[36mhub              |[0m [Twitter] | 18-03-2021; 06:44:40 | {'id': '1372438749989240832', 'text': 'Luxury Vegan Leather Handbags are The New Black in The Fashion Industry\xa0‚Äì https://t.co/AAfATU7ies'}
[36mhub              |[0m [Twitter] | 18-03-2021; 06:45:22 | {'id': '1372438921741746182', 'text': 'üòç Business Aluminum Wallet Automatic Slide Card Case Carbon Fiber PU Leather Metal ID Credit Card Holder Clip üòç\nby Eugene Eric Emboukou price starting from $9.00.  #Accessories Get it now! üëâüëâ https://t.co/LNhCNtibzS https://t.co/ILli2HAKfI'}
[36mhub              |[0m [Twitter] | 18-03-2021; 06:45:35 | {'id': '1372438977383329792', 'text': 'https://t.co/k0SF9hprYm : 9e9c79b5-d97d-4acc-ba12-961668481233'}
[36mhub              |[0m [Twitter] | 18-03-2021; 06:45:58 | {'id': '1372439074577977344', 'text': 'RT @DrPaulaOwen: Great news! ‚ÄòStella McCartney creates world‚Äôs first clothes made from mushroom leather - Evening Standard‚Äô https://t.co/g6‚Ä¶'}
[36mhub              |[0m [Twitter] | 18-03-2021; 06:46:01 | {'id': '1372439086200459267', 'text': 'RT @zdLski: I see a lot of people talking about post-wfh style and going back to hard pants. Let me make your day:\n\nThere are companies tha‚Ä¶'}
[36mhub              |[0m [Twitter] | 18-03-2021; 06:46:11 | {'id': '1372439127715586048', 'text': 'RT @ClosetSeungwoo: @ClosetSeungwoo\n210318 w_o_o_y_a Instagram Story Update\n\nBrand: MUSINSA STANDARD\nProduct name: Oversize Synthetic  Leat‚Ä¶'}
[36mhub              |[0m [Twitter] | 18-03-2021; 06:46:19 | {'id': '1372439161270059014', 'text': 'üçÑStella McCartney creates world‚Äôs first clothes made from mushroom leather #alevelbusiness #btec #innovation #usp #vegan #fashion  https://t.co/3wbOOBr1ev'}
[36mhub              |[0m [Twitter] | 18-03-2021; 06:46:26 | {'id': '1372439193356435461', 'text': "@bhagat_bn @LonappanMaash The seventh day Adventist, Jain's and certain Vaishnava groups come under vegan category\nMany amongst the vegans are atheists too\n\nI'm a pure veggie, refrain from using leather products too but can't call myself a veggie as I consume milk and milk products"}
[36mhub              |[0m [Twitter] | 18-03-2021; 06:46:57 | {'id': '1372439321840660480', 'text': 'RT @thebizteach: üçÑStella McCartney creates world‚Äôs first clothes made from mushroom leather #alevelbusiness #btec #innovation #usp #vegan #‚Ä¶'}
[36mhub              |[0m [Twitter] | 18-03-2021; 06:49:07 | {'id': '1372439869306273799', 'text': '@narendramodi ‡¶∏‡ßá‡¶û‡ßç‡¶ö‡ßÅ‡¶∞‡¶ø Plywood  ‡¶è‡¶¨‡¶Ç ‡¶∏‡ßç‡¶ü‡¶æ‡¶∞ ‡¶∏‡¶ø‡¶Æ‡ßá‡¶®‡ßç‡¶ü‡¶∏ ‡¶ú‡¶≤‡¶™‡¶æ‡¶á‡¶ó‡ßÅ‡¶°‡¶º‡¶ø ‡¶§‡ßá ‡¶™‡ßç‡¶≤‡¶æ‡¶®‡ßç‡¶ü ‡¶ñ‡ßÅ‡¶≤‡ßá‡¶õ‡ßá. Himadri ‡¶ó‡ßã‡¶∑‡ßç‡¶†‡ßÄ ‡¶§‡¶æ‡¶¶‡ßá‡¶∞ ‡¶¨‡ßç‡¶Ø‡¶æ‡¶ü‡¶æ‡¶∞‡¶ø ‡¶ö‡¶æ‡¶≤‡¶ø‡¶§ ‡¶ó‡¶æ‡¶°‡¶º‡¶ø‡¶∞ ‡¶ï‡¶æ‡¶∞‡¶ñ‡¶æ‡¶®‡¶æ ‡¶ñ‡ßÅ‡¶≤‡¶õ‡ßá.\n\n‡¶¨‡¶æ‡¶®‡¶§‡¶≤‡¶æ ‡¶ö‡¶∞‡ßç‡¶Æ‡¶®‡¶ó‡¶∞‡ßÄ ‡¶Ü‡¶ú ‡¶¶‡ßá‡¶∂‡ßá‡¶∞ ‡¶Æ‡¶ß‡ßç‡¶Ø‡ßá ‡¶∏‡¶¨‡¶ö‡ßá‡¶Ø‡¶º‡ßá ‡¶¨‡¶°‡¶º‡ßã leather Industry ‡¶π‡¶ø‡¶∏‡¶æ‡¶¨‡ßá ‡¶ó‡¶£‡ßç‡¶Ø ‡¶π‡¶Ø‡¶º.'}
[36mhub              |[0m [Twitter] | 18-03-2021; 06:49:11 | {'id': '1372439885462740995', 'text': 'Gelinlik Ni≈üanlƒ±k  "hll carmen moda" High Demand from Fashion Industry to Replace Leather to Open Plethora of Opportunities for the ... "889. Sk No:5, 35000 Konak/ƒ∞zmir"'}
[36mhub              |[0m [Twitter] | 18-03-2021; 06:51:02 | {'id': '1372440348727730177', 'text': 'RT @seokjinism1: Seokjin in that leather jacket and icy handsomeness is giving me vibes of a corporate tycoon running a conglomerate and di‚Ä¶'}
[36mhub              |[0m [Twitter] | 18-03-2021; 06:51:43 | {'id': '1372440523663937536', 'text': 'RT @thebizteach: üçÑStella McCartney creates world‚Äôs first clothes made from mushroom leather #alevelbusiness #btec #innovation #usp #vegan #‚Ä¶'}
[36mhub              |[0m [Twitter] | 18-03-2021; 06:51:57 | {'id': '1372440582132363264', 'text': 'https://t.co/k0SF9hprYm : f5dae541-3843-4a64-9f5d-1806ab0fd7c7'}
[36mhub              |[0m [Twitter] | 18-03-2021; 06:52:34 | {'id': '1372440734964457473', 'text': 'The organizers of @APLFHK  have announced that the APLF-#Leather, Materials+ and #Fashion Access, will be rescheduled from July 5-7, 2021 to November 17-19, 2021 in #HongKong. \n\nhttps://t.co/sRDXkfcyvI'}
[36mhub              |[0m [Twitter] | 18-03-2021; 06:52:48 | {'id': '1372440793173008388', 'text': 'RT @nope_thank_u: So today I had a vegan come into my dms and try call me out for using the huru from ALREADY DEAD manu. Talking about how‚Ä¶'}
[36mhub              |[0m [Twitter] | 18-03-2021; 06:53:30 | {'id': '1372440972617871368', 'text': 'RT @ChromaHolster: @eclipsetale after a lot of debating I decided to post these on Twitter so that other people that follow you that play A‚Ä¶'}
[36mhub              |[0m [Twitter] | 18-03-2021; 06:53:38 | {'id': '1372441002577854465', 'text': 'RT @seokjinism1: Seokjin in that leather jacket and icy handsomeness is giving me vibes of a corporate tycoon running a conglomerate and di‚Ä¶'}
[36mhub              |[0m [Twitter] | 18-03-2021; 06:53:45 | {'id': '1372441034903412737', 'text': 'https://t.co/k0SF9hH3mW : 7734cdf5-5a3c-4654-896c-2e9269d2c9f5'}
[36mhub              |[0m [Twitter] | 18-03-2021; 06:54:05 | {'id': '1372441117812084738', 'text': 'RT @nope_thank_u: So today I had a vegan come into my dms and try call me out for using the huru from ALREADY DEAD manu. Talking about how‚Ä¶'}
[36mhub              |[0m [Twitter] | 18-03-2021; 06:54:08 | {'id': '1372441131653292034', 'text': "#hashtag4 MVA Men's Leather Business Briefcase https://t.co/2CbAyEqZiw https://t.co/JWvLFhbEIN"}
[36mhub              |[0m [Twitter] | 18-03-2021; 06:54:34 | {'id': '1372441237551255556', 'text': "Andrew Scott Men's Synthetic Leather Slip On Formal Shoes at ‚Çπ223\n\nhttps://t.co/UZQvkat3yY"}
[36mhub              |[0m [Twitter] | 18-03-2021; 06:54:51 | {'id': '1372441312394420229', 'text': "Andrew Scott Men's Synthetic Leather Slip On Formal Shoes at ‚Çπ223\n\nhttps://t.co/DFjwo9s6BO"}
[36mhub              |[0m [Twitter] | 18-03-2021; 06:55:57 | {'id': '1372441586353676291', 'text': 'RT @titina_q: https://t.co/PbwWo9KwJX'}
[36mhub              |[0m [Twitter] | 18-03-2021; 06:55:59 | {'id': '1372441593425260545', 'text': 'https://t.co/uG3MoMhIBj Derek J. Leathers (Werner Enterprises) ‚Äì Business Sight‚Äôs 10 Most Achiever Companies to watch in https://t.co/QXRbOv30dE #motivation #entrepreneurquotes #motivationquotes #businessquotes #successtip #millionariementor #quotesdaily #businesssightmedia'}
[36mhub              |[0m [Twitter] | 18-03-2021; 06:56:22 | {'id': '1372441691987312640', 'text': 'üò°üò°üò°üò°üò°üò° https://t.co/Y586xH2C8l'}
[36mhub              |[0m [Twitter] | 18-03-2021; 06:57:10 | {'id': '1372441895356362754', 'text': "@ishanagarwal24 High quality 'vegan' leather &gt;&gt;&gt; glass back. Doesn't shatter, is grippy, looks and feels great. \n\nShould be more common on premium phones."}
[36mhub              |[0m [Twitter] | 18-03-2021; 06:57:26 | {'id': '1372441961219641349', 'text': 'https://t.co/k0SF9hH3mW : be9d37d2-bd07-4dab-acd4-f98e1443a5ea'}
[36mhub              |[0m [Twitter] | 18-03-2021; 06:57:32 | {'id': '1372441983743102977', 'text': "Why wouldn't @HS2ltd consider diverting the overbridge through the empty field (blue line) instead of cutting into the gentle line of precious Leather Lane?\nSo much for limiting environmental impact promises! https://t.co/W84KxNi86c https://t.co/WPlisdX04g"}
[36mhub              |[0m [Twitter] | 18-03-2021; 06:58:36 | {'id': '1372442252426018816', 'text': "RT @WildHorizons_: Why wouldn't @HS2ltd consider diverting the overbridge through the empty field (blue line) instead of cutting into the g‚Ä¶"}
[36mhub              |[0m [Twitter] | 18-03-2021; 06:58:41 | {'id': '1372442274127343621', 'text': "RT @WildHorizons_: Why wouldn't @HS2ltd consider diverting the overbridge through the empty field (blue line) instead of cutting into the g‚Ä¶"}
[36mhub              |[0m [Twitter] | 18-03-2021; 06:58:44 | {'id': '1372442286513127424', 'text': '@registrarism Ground floor perfumery, stationery and leather goods - upstairs a Business School, Student Services and the Registrar.'}
[36mhub              |[0m [Twitter] | 18-03-2021; 06:58:46 | {'id': '1372442298206797824', 'text': 'RT @FinDommes: Are you subscribed to @MadamMalevolent onlyfans yet?\n\nüñ§ Daily uploads\nüî• Regular messaging\nüåû Lingerie/Latex/Leather/PVC/Vinyl‚Ä¶'}
[36mhub              |[0m [Twitter] | 18-03-2021; 07:00:30 | {'id': '1372442731306389506', 'text': '#vivoX60Series\n\nhttps://t.co/LRCFh04kLj'}
[36mhub              |[0m [Twitter] | 18-03-2021; 07:00:35 | {'id': '1372442752625954818', 'text': 'https://t.co/k0SF9hprYm : 7e924310-a6ea-49aa-9ef9-e2e72b017f9a'}
[36mhub              |[0m [Twitter] | 18-03-2021; 07:01:16 | {'id': '1372442924680626177', 'text': 'Going up! https://t.co/MVJceM3pUB'}
[36mhub              |[0m [Twitter] | 18-03-2021; 07:01:42 | {'id': '1372443033015353344', 'text': 'RT @nope_thank_u: So today I had a vegan come into my dms and try call me out for using the huru from ALREADY DEAD manu. Talking about how‚Ä¶'}
[36mhub              |[0m [Twitter] | 18-03-2021; 07:02:46 | {'id': '1372443304348905481', 'text': 'RT @seokjinism1: Seokjin in that leather jacket and icy handsomeness is giving me vibes of a corporate tycoon running a conglomerate and di‚Ä¶'}
[36mhub              |[0m [Twitter] | 18-03-2021; 07:03:00 | {'id': '1372443362377093122', 'text': 'RT @ishanagarwal24: vivo X60 Pro+ Indian Variant. It is indeed launching with a Vegan Leather back. Looks pretty great in this Navy Blue sh‚Ä¶'}
[36mhub              |[0m [Twitter] | 18-03-2021; 07:03:01 | {'id': '1372443366588358661', 'text': 'RT @ChromaHolster: @eclipsetale after a lot of debating I decided to post these on Twitter so that other people that follow you that play A‚Ä¶'}
[36mhub              |[0m [Twitter] | 18-03-2021; 07:05:22 | {'id': '1372443956206657537', 'text': 'RT @ClosetSeungwoo: @ClosetSeungwoo\n210318 w_o_o_y_a Instagram Story Update\n\nBrand: MUSINSA STANDARD\nProduct name: Oversize Synthetic  Leat‚Ä¶'}
[36mhub              |[0m [Twitter] | 18-03-2021; 07:07:21 | {'id': '1372444457270833153', 'text': 'https://t.co/k0SF9hprYm : cbd823df-0fbb-4bd8-af97-22bd29ac0cf8'}
[36mhub              |[0m [Twitter] | 18-03-2021; 07:08:44 | {'id': '1372444805956001792', 'text': 'https://t.co/k0SF9hH3mW : 3165a547-22c1-4d4a-9c48-3c78cff011bb'}
[36mhub              |[0m [Twitter] | 18-03-2021; 07:11:51 | {'id': '1372445587149357058', 'text': 'RT @DrPaulaOwen: Great news! ‚ÄòStella McCartney creates world‚Äôs first clothes made from mushroom leather - Evening Standard‚Äô https://t.co/g6‚Ä¶'}
[36mhub              |[0m [Twitter] | 18-03-2021; 07:12:26 | {'id': '1372445737158647811', 'text': 'https://t.co/k0SF9hH3mW : bfa794d2-7446-43f7-be10-d13dea1d4b9c'}
[36mhub              |[0m [Twitter] | 18-03-2021; 07:13:05 | {'id': '1372445901344620546', 'text': 'RT @ChromaHolster: @eclipsetale after a lot of debating I decided to post these on Twitter so that other people that follow you that play A‚Ä¶'}
[36mhub              |[0m [Twitter] | 18-03-2021; 07:13:17 | {'id': '1372445949713211392', 'text': 'RT @seokjinism1: Seokjin in that leather jacket and icy handsomeness is giving me vibes of a corporate tycoon running a conglomerate and di‚Ä¶'}
[36mhub              |[0m [Twitter] | 18-03-2021; 07:13:37 | {'id': '1372446033913974785', 'text': "#Levi's Uses #Leather on Its #Jeans ‚Äì Urge It to Stop! https://t.co/EMcZTLlSkm"}
[36mhub              |[0m [Twitter] | 18-03-2021; 07:14:26 | {'id': '1372446237966757889', 'text': 'RT @ClosetSeungwoo: @ClosetSeungwoo\n210318 w_o_o_y_a Instagram Story Update\n\nBrand: MUSINSA STANDARD\nProduct name: Oversize Synthetic  Leat‚Ä¶'}
[36mhub              |[0m [Twitter] | 18-03-2021; 07:15:05 | {'id': '1372446404677885958', 'text': 'Tarity Blue Elegant Flowers Laptop Bag for Women Large Tote Bag fits 15.6 inch Computer Bag Canvas Leather Shoulder Bag Business Office Work School\xa0Bag https://t.co/s6i4W3eFRV'}
[36mhub              |[0m [Twitter] | 18-03-2021; 07:15:34 | {'id': '1372446525746421769', 'text': 'https://t.co/k0SF9hprYm : a37a2d61-ea1c-4b1b-a9d2-63422c2fc39e'}
[36mhub              |[0m [Twitter] | 18-03-2021; 07:17:28 | {'id': '1372447000596123648', 'text': 'RT @CarmenS13729548: Please !  Please  sign !!  Dogs Bludgeoned and Killed in Leather Industry https://t.co/jO4rKS4Ojz'}
[36mhub              |[0m [Twitter] | 18-03-2021; 07:18:32 | {'id': '1372447271078391810', 'text': "RT @WhiteCaviarLife: #NEWPOST UP!!! Wearing #animalprint? 'Keep it minimal', 'stick with one animal print at a time'.. I even read someone‚Ä¶"}
[36mhub              |[0m [Twitter] | 18-03-2021; 07:18:55 | {'id': '1372447367174123521', 'text': 'RT @seokjinism1: Seokjin in that leather jacket and icy handsomeness is giving me vibes of a corporate tycoon running a conglomerate and di‚Ä¶'}
[36mhub              |[0m [Twitter] | 18-03-2021; 07:19:38 | {'id': '1372447548334600195', 'text': 'RT @titina_q: https://t.co/PbwWo9KwJX'}
[36mhub              |[0m [Twitter] | 18-03-2021; 07:20:21 | {'id': '1372447727146049536', 'text': '#Dogs Bludgeoned and Killed in #Leather Industry üêïüÜòüê∂ https://t.co/Qi1jQGI58k'}
[36mhub              |[0m [Twitter] | 18-03-2021; 07:20:33 | {'id': '1372447779851698179', 'text': 'RT @nope_thank_u: So today I had a vegan come into my dms and try call me out for using the huru from ALREADY DEAD manu. Talking about how‚Ä¶'}
[36mhub              |[0m [Twitter] | 18-03-2021; 07:21:52 | {'id': '1372448107858817026', 'text': 'RT @nope_thank_u: So today I had a vegan come into my dms and try call me out for using the huru from ALREADY DEAD manu. Talking about how‚Ä¶'}
[36mhub              |[0m [Twitter] | 18-03-2021; 07:21:57 | {'id': '1372448129061064706', 'text': 'RT @ClosetSeungwoo: @ClosetSeungwoo\n210318 w_o_o_y_a Instagram Story Update\n\nBrand: MUSINSA STANDARD\nProduct name: Oversize Synthetic  Leat‚Ä¶'}
[36mhub              |[0m [Twitter] | 18-03-2021; 07:22:21 | {'id': '1372448230504460292', 'text': 'https://t.co/k0SF9hprYm : 949630c1-2e9f-4cfb-b5bb-40e663d455ea'}
[36mhub              |[0m [Twitter] | 18-03-2021; 07:23:09 | {'id': '1372448433274023936', 'text': 'RT @cat22t: hs2: Save Leather Lane Oak Trees from HS2 - Sign the Petition! https://t.co/azWqrss0Co via @UKChange\n\nHope those who are like m‚Ä¶'}
[36mhub              |[0m [Twitter] | 18-03-2021; 07:23:20 | {'id': '1372448480921260034', 'text': 'https://t.co/k0SF9hH3mW : 39a037ae-f957-46e4-ba57-9f5a002e3d5f'}
[36mhub              |[0m [Twitter] | 18-03-2021; 07:27:33 | {'id': '1372449541505564679', 'text': '@nuffniceness I recommend house of leather. [vegan].'}
[36mhub              |[0m [Twitter] | 18-03-2021; 07:27:42 | {'id': '1372449577463394304', 'text': 'https://t.co/k0SF9hH3mW : 46a8e6c0-b216-45d3-8656-bfb912a54549'}
[36mhub              |[0m [Twitter] | 18-03-2021; 07:30:09 | {'id': '1372450193090748421', 'text': 'RT @VogueRunway: .@StellaMcCartney has introduced her first garments made of Mylo, a "leather" alternative that can grow in about two weeks‚Ä¶'}
[36mhub              |[0m [Twitter] | 18-03-2021; 07:30:20 | {'id': '1372450241824268290', 'text': "@maledicenttails @nope_thank_u I'm not a vegan, but I am a former vegetarian - so I've thought about this a lot. I often think about the renewability and sustainability of certain animal products like wool and honey. And even leather from animals that pass away. These products are all environmentally friendly."}
[36mhub              |[0m [Twitter] | 18-03-2021; 07:30:28 | {'id': '1372450273004781569', 'text': 'Did you know that our ancestors used leather‚Äôs natural flame-retardant properties to stop their (very flammable) homes from catching fire? Neither did we, until now!   https://t.co/iy3dgDHW3G  #leather #leatherproperties #flameretardant https://t.co/44JsqDShFU'}
[36mhub              |[0m [Twitter] | 18-03-2021; 07:30:35 | {'id': '1372450302272565249', 'text': 'https://t.co/k0SF9hprYm : 0107b14a-63bf-4324-885d-e946f7b8b9e3'}
[36mhub              |[0m [Twitter] | 18-03-2021; 07:30:51 | {'id': '1372450371663192067', 'text': "RT @WildHorizons_: Why wouldn't @HS2ltd consider diverting the overbridge through the empty field (blue line) instead of cutting into the g‚Ä¶"}
[36mhub              |[0m [Twitter] | 18-03-2021; 07:31:37 | {'id': '1372450564467003395', 'text': 'RT @seokjinism1: Seokjin in that leather jacket and icy handsomeness is giving me vibes of a corporate tycoon running a conglomerate and di‚Ä¶'}
[36mhub              |[0m [Twitter] | 18-03-2021; 07:32:01 | {'id': '1372450662710005763', 'text': '@jo12jo12 So cool! Paris Jackson modeling #vegan leather outfit by @StellaMcCartney  üñ§\n\nParis Jackson models leather outfit made out of mushrooms https://t.co/5cTqT8zpBJ'}
[36mhub              |[0m [Twitter] | 18-03-2021; 07:33:29 | {'id': '1372451033973067780', 'text': 'RT @terri_ainley: @Protect_Wldlife @c255666a459a495 How many humans already acknowledge animals are living beings, and yet they still eat t‚Ä¶'}
[36mhub              |[0m [Twitter] | 18-03-2021; 07:35:01 | {'id': '1372451417689100290', 'text': '@DaisyDoo972 Purple hair, leather and animal print?\nWhat the fuck is happening to this country? https://t.co/X50DIiv911'}
[36mhub              |[0m [Twitter] | 18-03-2021; 07:35:24 | {'id': '1372451515344986113', 'text': 'RT @ishanagarwal24: vivo X60 Pro+ Indian Variant. It is indeed launching with a Vegan Leather back. Looks pretty great in this Navy Blue sh‚Ä¶'}
[36mhub              |[0m [Twitter] | 18-03-2021; 07:35:29 | {'id': '1372451536610107393', 'text': 'RT @nope_thank_u: So today I had a vegan come into my dms and try call me out for using the huru from ALREADY DEAD manu. Talking about how‚Ä¶'}
[36mhub              |[0m [Twitter] | 18-03-2021; 07:35:33 | {'id': '1372451552863035392', 'text': 'RT @ishanagarwal24: vivo X60 Pro+ Indian Variant. It is indeed launching with a Vegan Leather back. Looks pretty great in this Navy Blue sh‚Ä¶'}
[36mhub              |[0m [Twitter] | 18-03-2021; 07:35:37 | {'id': '1372451569266950144', 'text': 'RT @Shion2_: #Dogs Bludgeoned and Killed in #Leather Industry üêïüÜòüê∂ https://t.co/Qi1jQGI58k'}
[36mhub              |[0m [Twitter] | 18-03-2021; 07:35:40 | {'id': '1372451582864859136', 'text': 'RT @CarmenS13729548: Please !  Please  sign !!  Dogs Bludgeoned and Killed in Leather Industry https://t.co/jO4rKS4Ojz'}
[36mhub              |[0m [Twitter] | 18-03-2021; 07:36:44 | {'id': '1372451852894179331', 'text': 'RT @seokjinism1: Seokjin in that leather jacket and icy handsomeness is giving me vibes of a corporate tycoon running a conglomerate and di‚Ä¶'}
[36mhub              |[0m [Twitter] | 18-03-2021; 07:37:21 | {'id': '1372452008263774208', 'text': 'https://t.co/k0SF9hprYm : 67df9ba9-d5e1-4629-9aed-cfb54284318b'}
[36mhub              |[0m [Twitter] | 18-03-2021; 07:38:44 | {'id': '1372452354843348992', 'text': 'https://t.co/k0SF9hH3mW : 7fb6bcce-31c6-4e60-963a-cf59f204f488'}
[36mhub              |[0m [Twitter] | 18-03-2021; 07:39:08 | {'id': '1372452454625730562', 'text': 'RT @ClosetSeungwoo: @ClosetSeungwoo\n210318 w_o_o_y_a Instagram Story Update\n\nBrand: MUSINSA STANDARD\nProduct name: Oversize Synthetic  Leat‚Ä¶'}
[36mhub              |[0m [Twitter] | 18-03-2021; 07:39:34 | {'id': '1372452562092191746', 'text': '@SamanthaMore7 @ck7519 @RealCandaceO @iamcardib Exactly. Women (and men) can wear whatever they want - it doesn‚Äôt give anyone the right to treat you like an animal. I feel like this comes back to that old justification for rape ‚Äúher clothes were provocative‚Äù\nMaybe we shouldn‚Äôt blame women when men can‚Äôt control themselves.'}
[36mhub              |[0m [Twitter] | 18-03-2021; 07:40:55 | {'id': '1372452905089916928', 'text': "RT @WildHorizons_: Why wouldn't @HS2ltd consider diverting the overbridge through the empty field (blue line) instead of cutting into the g‚Ä¶"}
[36mhub              |[0m [Twitter] | 18-03-2021; 07:42:20 | {'id': '1372453262562058241', 'text': 'https://t.co/k0SF9hH3mW : 535fcaad-efaa-4fbe-94e0-60693949461e'}
[36mhub              |[0m [Twitter] | 18-03-2021; 07:42:44 | {'id': '1372453359299399680', 'text': 'RT @seokjinism1: Seokjin in that leather jacket and icy handsomeness is giving me vibes of a corporate tycoon running a conglomerate and di‚Ä¶'}
[36mhub              |[0m [Twitter] | 18-03-2021; 07:43:15 | {'id': '1372453490052759554', 'text': 'Stella McCartney introduces a jet-black bustier and utility pants made of Mylo, the ‚ÄúLeather‚Äù alternative grown from mushrooms https://t.co/WR15nsY5iV'}
[36mhub              |[0m [Twitter] | 18-03-2021; 07:43:45 | {'id': '1372453614606684160', 'text': 'RT @seokjinism1: Seokjin in that leather jacket and icy handsomeness is giving me vibes of a corporate tycoon running a conglomerate and di‚Ä¶'}
[36mhub              |[0m [Twitter] | 18-03-2021; 07:44:16 | {'id': '1372453745745887235', 'text': 'ICYMI: As more people move towards a more plant-based way of life, we explore a whole new way of doing things too, and while some plant-based options turn out to be the healthier options, but when it comes to collagen is it even possible for vegan ... https://t.co/GbyvRkrgIm'}
[36mhub              |[0m [Twitter] | 18-03-2021; 07:44:24 | {'id': '1372453780998873088', 'text': 'RT @ChromaHolster: @eclipsetale after a lot of debating I decided to post these on Twitter so that other people that follow you that play A‚Ä¶'}
[36mhub              |[0m [Twitter] | 18-03-2021; 07:45:16 | {'id': '1372454000046477312', 'text': 'RT @ishanagarwal24: vivo X60 Pro+ Indian Variant. It is indeed launching with a Vegan Leather back. Looks pretty great in this Navy Blue sh‚Ä¶'}
[36mhub              |[0m [Twitter] | 18-03-2021; 07:45:20 | {'id': '1372454014109978624', 'text': 'RT @seokjinism1: Seokjin in that leather jacket and icy handsomeness is giving me vibes of a corporate tycoon running a conglomerate and di‚Ä¶'}
[36mhub              |[0m [Twitter] | 18-03-2021; 07:45:35 | {'id': '1372454078739931142', 'text': 'https://t.co/k0SF9hprYm : bc5d5294-28cc-4ee2-a365-5c7ab9535006'}
[36mhub              |[0m [Twitter] | 18-03-2021; 07:46:09 | {'id': '1372454219341565953', 'text': "RT @WildHorizons_: Why wouldn't @HS2ltd consider diverting the overbridge through the empty field (blue line) instead of cutting into the g‚Ä¶"}
[36mhub              |[0m [Twitter] | 18-03-2021; 07:47:37 | {'id': '1372454588658319363', 'text': 'RT @nope_thank_u: So today I had a vegan come into my dms and try call me out for using the huru from ALREADY DEAD manu. Talking about how‚Ä¶'}
Gracefully stopping... (press Ctrl+C again to force)
